10:22:46 **** Build of configuration Debug for project Project_EVA ****
make all 
arm-none-eabi-gcc "../Middlewares/Third_Party/FreeRTOS/Source/portable/MemMang/heap_4.c" -mcpu=cortex-m4 -std=gnu11 -g3 -DSTM32F401xE -DUSE_HAL_DRIVER -c -I"/mnt/0854F03C54F02DD6/Project_STM32_EVA/firmware/Project_EVA/Middlewares/Third_Party/FreeRTOS/Source/include" -I"/mnt/0854F03C54F02DD6/Project_STM32_EVA/firmware/Project_EVA/Middlewares/Third_Party/FreeRTOS/Source/CMSIS_RTOS_V2" -I"/mnt/0854F03C54F02DD6/Project_STM32_EVA/firmware/Project_EVA/Drivers/STM32F4xx_HAL_Driver/Inc" -I"/mnt/0854F03C54F02DD6/Project_STM32_EVA/firmware/Project_EVA/Drivers/CMSIS/Include" -I"/mnt/0854F03C54F02DD6/Project_STM32_EVA/firmware/Project_EVA/Drivers/CMSIS/Device/ST/STM32F4xx/Include" -I"/mnt/0854F03C54F02DD6/Project_STM32_EVA/firmware/Project_EVA/Drivers/STM32F4xx_HAL_Driver/Inc/Legacy" -I"/mnt/0854F03C54F02DD6/Project_STM32_EVA/firmware/Project_EVA/Middlewares/Third_Party/FreeRTOS/Source/portable/GCC/ARM_CM4F" -I"/mnt/0854F03C54F02DD6/Project_STM32_EVA/firmware/Project_EVA/Middlewares/Third_Party/FreeRTOS/Source/portable/MemMang" -I"/mnt/0854F03C54F02DD6/Project_STM32_EVA/firmware/Project_EVA/Middlewares/Third_Party/FreeRTOS/Source/CMSIS_RTOS_V2" -I"/mnt/0854F03C54F02DD6/Project_STM32_EVA/firmware/Project_EVA/Core/Inc" -include"/mnt/0854F03C54F02DD6/Project_STM32_EVA/firmware/Project_EVA/Middlewares/Third_Party/FreeRTOS/Source/include/FreeRTOS.h" -O0 -ffunction-sections -fdata-sections -Wall -fstack-usage -fcyclomatic-complexity -MMD -MP -MF"Middlewares/Third_Party/FreeRTOS/Source/portable/MemMang/heap_4.d" -MT"Middlewares/Third_Party/FreeRTOS/Source/portable/MemMang/heap_4.o" --specs=nano.specs -mfpu=fpv4-sp-d16 -mfloat-abi=softfp -mthumb -o "Middlewares/Third_Party/FreeRTOS/Source/portable/MemMang/heap_4.o"
arm-none-eabi-gcc "../Middlewares/Third_Party/FreeRTOS/Source/portable/GCC/ARM_CM4F/port.c" -mcpu=cortex-m4 -std=gnu11 -g3 -DSTM32F401xE -DUSE_HAL_DRIVER -c -I"/mnt/0854F03C54F02DD6/Project_STM32_EVA/firmware/Project_EVA/Middlewares/Third_Party/FreeRTOS/Source/include" -I"/mnt/0854F03C54F02DD6/Project_STM32_EVA/firmware/Project_EVA/Middlewares/Third_Party/FreeRTOS/Source/CMSIS_RTOS_V2" -I"/mnt/0854F03C54F02DD6/Project_STM32_EVA/firmware/Project_EVA/Drivers/STM32F4xx_HAL_Driver/Inc" -I"/mnt/0854F03C54F02DD6/Project_STM32_EVA/firmware/Project_EVA/Drivers/CMSIS/Include" -I"/mnt/0854F03C54F02DD6/Project_STM32_EVA/firmware/Project_EVA/Drivers/CMSIS/Device/ST/STM32F4xx/Include" -I"/mnt/0854F03C54F02DD6/Project_STM32_EVA/firmware/Project_EVA/Drivers/STM32F4xx_HAL_Driver/Inc/Legacy" -I"/mnt/0854F03C54F02DD6/Project_STM32_EVA/firmware/Project_EVA/Middlewares/Third_Party/FreeRTOS/Source/portable/GCC/ARM_CM4F" -I"/mnt/0854F03C54F02DD6/Project_STM32_EVA/firmware/Project_EVA/Middlewares/Third_Party/FreeRTOS/Source/portable/MemMang" -I"/mnt/0854F03C54F02DD6/Project_STM32_EVA/firmware/Project_EVA/Middlewares/Third_Party/FreeRTOS/Source/CMSIS_RTOS_V2" -I"/mnt/0854F03C54F02DD6/Project_STM32_EVA/firmware/Project_EVA/Core/Inc" -include"/mnt/0854F03C54F02DD6/Project_STM32_EVA/firmware/Project_EVA/Middlewares/Third_Party/FreeRTOS/Source/include/FreeRTOS.h" -O0 -ffunction-sections -fdata-sections -Wall -fstack-usage -fcyclomatic-complexity -MMD -MP -MF"Middlewares/Third_Party/FreeRTOS/Source/portable/GCC/ARM_CM4F/port.d" -MT"Middlewares/Third_Party/FreeRTOS/Source/portable/GCC/ARM_CM4F/port.o" --specs=nano.specs -mfpu=fpv4-sp-d16 -mfloat-abi=softfp -mthumb -o "Middlewares/Third_Party/FreeRTOS/Source/portable/GCC/ARM_CM4F/port.o"
arm-none-eabi-gcc "../Middlewares/Third_Party/FreeRTOS/Source/CMSIS_RTOS_V2/cmsis_os2.c" -mcpu=cortex-m4 -std=gnu11 -g3 -DSTM32F401xE -DUSE_HAL_DRIVER -c -I"/mnt/0854F03C54F02DD6/Project_STM32_EVA/firmware/Project_EVA/Middlewares/Third_Party/FreeRTOS/Source/include" -I"/mnt/0854F03C54F02DD6/Project_STM32_EVA/firmware/Project_EVA/Middlewares/Third_Party/FreeRTOS/Source/CMSIS_RTOS_V2" -I"/mnt/0854F03C54F02DD6/Project_STM32_EVA/firmware/Project_EVA/Drivers/STM32F4xx_HAL_Driver/Inc" -I"/mnt/0854F03C54F02DD6/Project_STM32_EVA/firmware/Project_EVA/Drivers/CMSIS/Include" -I"/mnt/0854F03C54F02DD6/Project_STM32_EVA/firmware/Project_EVA/Drivers/CMSIS/Device/ST/STM32F4xx/Include" -I"/mnt/0854F03C54F02DD6/Project_STM32_EVA/firmware/Project_EVA/Drivers/STM32F4xx_HAL_Driver/Inc/Legacy" -I"/mnt/0854F03C54F02DD6/Project_STM32_EVA/firmware/Project_EVA/Middlewares/Third_Party/FreeRTOS/Source/portable/GCC/ARM_CM4F" -I"/mnt/0854F03C54F02DD6/Project_STM32_EVA/firmware/Project_EVA/Middlewares/Third_Party/FreeRTOS/Source/portable/MemMang" -I"/mnt/0854F03C54F02DD6/Project_STM32_EVA/firmware/Project_EVA/Middlewares/Third_Party/FreeRTOS/Source/CMSIS_RTOS_V2" -I"/mnt/0854F03C54F02DD6/Project_STM32_EVA/firmware/Project_EVA/Core/Inc" -include"/mnt/0854F03C54F02DD6/Project_STM32_EVA/firmware/Project_EVA/Middlewares/Third_Party/FreeRTOS/Source/include/FreeRTOS.h" -O0 -ffunction-sections -fdata-sections -Wall -fstack-usage -fcyclomatic-complexity -MMD -MP -MF"Middlewares/Third_Party/FreeRTOS/Source/CMSIS_RTOS_V2/cmsis_os2.d" -MT"Middlewares/Third_Party/FreeRTOS/Source/CMSIS_RTOS_V2/cmsis_os2.o" --specs=nano.specs -mfpu=fpv4-sp-d16 -mfloat-abi=softfp -mthumb -o "Middlewares/Third_Party/FreeRTOS/Source/CMSIS_RTOS_V2/cmsis_os2.o"
arm-none-eabi-gcc "../Middlewares/Third_Party/FreeRTOS/Source/croutine.c" -mcpu=cortex-m4 -std=gnu11 -g3 -DSTM32F401xE -DUSE_HAL_DRIVER -c -I"/mnt/0854F03C54F02DD6/Project_STM32_EVA/firmware/Project_EVA/Middlewares/Third_Party/FreeRTOS/Source/include" -I"/mnt/0854F03C54F02DD6/Project_STM32_EVA/firmware/Project_EVA/Middlewares/Third_Party/FreeRTOS/Source/CMSIS_RTOS_V2" -I"/mnt/0854F03C54F02DD6/Project_STM32_EVA/firmware/Project_EVA/Drivers/STM32F4xx_HAL_Driver/Inc" -I"/mnt/0854F03C54F02DD6/Project_STM32_EVA/firmware/Project_EVA/Drivers/CMSIS/Include" -I"/mnt/0854F03C54F02DD6/Project_STM32_EVA/firmware/Project_EVA/Drivers/CMSIS/Device/ST/STM32F4xx/Include" -I"/mnt/0854F03C54F02DD6/Project_STM32_EVA/firmware/Project_EVA/Drivers/STM32F4xx_HAL_Driver/Inc/Legacy" -I"/mnt/0854F03C54F02DD6/Project_STM32_EVA/firmware/Project_EVA/Middlewares/Third_Party/FreeRTOS/Source/portable/GCC/ARM_CM4F" -I"/mnt/0854F03C54F02DD6/Project_STM32_EVA/firmware/Project_EVA/Middlewares/Third_Party/FreeRTOS/Source/portable/MemMang" -I"/mnt/0854F03C54F02DD6/Project_STM32_EVA/firmware/Project_EVA/Middlewares/Third_Party/FreeRTOS/Source/CMSIS_RTOS_V2" -I"/mnt/0854F03C54F02DD6/Project_STM32_EVA/firmware/Project_EVA/Core/Inc" -include"/mnt/0854F03C54F02DD6/Project_STM32_EVA/firmware/Project_EVA/Middlewares/Third_Party/FreeRTOS/Source/include/FreeRTOS.h" -O0 -ffunction-sections -fdata-sections -Wall -fstack-usage -fcyclomatic-complexity -MMD -MP -MF"Middlewares/Third_Party/FreeRTOS/Source/croutine.d" -MT"Middlewares/Third_Party/FreeRTOS/Source/croutine.o" --specs=nano.specs -mfpu=fpv4-sp-d16 -mfloat-abi=softfp -mthumb -o "Middlewares/Third_Party/FreeRTOS/Source/croutine.o"
arm-none-eabi-gcc "../Middlewares/Third_Party/FreeRTOS/Source/event_groups.c" -mcpu=cortex-m4 -std=gnu11 -g3 -DSTM32F401xE -DUSE_HAL_DRIVER -c -I"/mnt/0854F03C54F02DD6/Project_STM32_EVA/firmware/Project_EVA/Middlewares/Third_Party/FreeRTOS/Source/include" -I"/mnt/0854F03C54F02DD6/Project_STM32_EVA/firmware/Project_EVA/Middlewares/Third_Party/FreeRTOS/Source/CMSIS_RTOS_V2" -I"/mnt/0854F03C54F02DD6/Project_STM32_EVA/firmware/Project_EVA/Drivers/STM32F4xx_HAL_Driver/Inc" -I"/mnt/0854F03C54F02DD6/Project_STM32_EVA/firmware/Project_EVA/Drivers/CMSIS/Include" -I"/mnt/0854F03C54F02DD6/Project_STM32_EVA/firmware/Project_EVA/Drivers/CMSIS/Device/ST/STM32F4xx/Include" -I"/mnt/0854F03C54F02DD6/Project_STM32_EVA/firmware/Project_EVA/Drivers/STM32F4xx_HAL_Driver/Inc/Legacy" -I"/mnt/0854F03C54F02DD6/Project_STM32_EVA/firmware/Project_EVA/Middlewares/Third_Party/FreeRTOS/Source/portable/GCC/ARM_CM4F" -I"/mnt/0854F03C54F02DD6/Project_STM32_EVA/firmware/Project_EVA/Middlewares/Third_Party/FreeRTOS/Source/portable/MemMang" -I"/mnt/0854F03C54F02DD6/Project_STM32_EVA/firmware/Project_EVA/Middlewares/Third_Party/FreeRTOS/Source/CMSIS_RTOS_V2" -I"/mnt/0854F03C54F02DD6/Project_STM32_EVA/firmware/Project_EVA/Core/Inc" -include"/mnt/0854F03C54F02DD6/Project_STM32_EVA/firmware/Project_EVA/Middlewares/Third_Party/FreeRTOS/Source/include/FreeRTOS.h" -O0 -ffunction-sections -fdata-sections -Wall -fstack-usage -fcyclomatic-complexity -MMD -MP -MF"Middlewares/Third_Party/FreeRTOS/Source/event_groups.d" -MT"Middlewares/Third_Party/FreeRTOS/Source/event_groups.o" --specs=nano.specs -mfpu=fpv4-sp-d16 -mfloat-abi=softfp -mthumb -o "Middlewares/Third_Party/FreeRTOS/Source/event_groups.o"
arm-none-eabi-gcc "../Middlewares/Third_Party/FreeRTOS/Source/list.c" -mcpu=cortex-m4 -std=gnu11 -g3 -DSTM32F401xE -DUSE_HAL_DRIVER -c -I"/mnt/0854F03C54F02DD6/Project_STM32_EVA/firmware/Project_EVA/Middlewares/Third_Party/FreeRTOS/Source/include" -I"/mnt/0854F03C54F02DD6/Project_STM32_EVA/firmware/Project_EVA/Middlewares/Third_Party/FreeRTOS/Source/CMSIS_RTOS_V2" -I"/mnt/0854F03C54F02DD6/Project_STM32_EVA/firmware/Project_EVA/Drivers/STM32F4xx_HAL_Driver/Inc" -I"/mnt/0854F03C54F02DD6/Project_STM32_EVA/firmware/Project_EVA/Drivers/CMSIS/Include" -I"/mnt/0854F03C54F02DD6/Project_STM32_EVA/firmware/Project_EVA/Drivers/CMSIS/Device/ST/STM32F4xx/Include" -I"/mnt/0854F03C54F02DD6/Project_STM32_EVA/firmware/Project_EVA/Drivers/STM32F4xx_HAL_Driver/Inc/Legacy" -I"/mnt/0854F03C54F02DD6/Project_STM32_EVA/firmware/Project_EVA/Middlewares/Third_Party/FreeRTOS/Source/portable/GCC/ARM_CM4F" -I"/mnt/0854F03C54F02DD6/Project_STM32_EVA/firmware/Project_EVA/Middlewares/Third_Party/FreeRTOS/Source/portable/MemMang" -I"/mnt/0854F03C54F02DD6/Project_STM32_EVA/firmware/Project_EVA/Middlewares/Third_Party/FreeRTOS/Source/CMSIS_RTOS_V2" -I"/mnt/0854F03C54F02DD6/Project_STM32_EVA/firmware/Project_EVA/Core/Inc" -include"/mnt/0854F03C54F02DD6/Project_STM32_EVA/firmware/Project_EVA/Middlewares/Third_Party/FreeRTOS/Source/include/FreeRTOS.h" -O0 -ffunction-sections -fdata-sections -Wall -fstack-usage -fcyclomatic-complexity -MMD -MP -MF"Middlewares/Third_Party/FreeRTOS/Source/list.d" -MT"Middlewares/Third_Party/FreeRTOS/Source/list.o" --specs=nano.specs -mfpu=fpv4-sp-d16 -mfloat-abi=softfp -mthumb -o "Middlewares/Third_Party/FreeRTOS/Source/list.o"
arm-none-eabi-gcc "../Middlewares/Third_Party/FreeRTOS/Source/queue.c" -mcpu=cortex-m4 -std=gnu11 -g3 -DSTM32F401xE -DUSE_HAL_DRIVER -c -I"/mnt/0854F03C54F02DD6/Project_STM32_EVA/firmware/Project_EVA/Middlewares/Third_Party/FreeRTOS/Source/include" -I"/mnt/0854F03C54F02DD6/Project_STM32_EVA/firmware/Project_EVA/Middlewares/Third_Party/FreeRTOS/Source/CMSIS_RTOS_V2" -I"/mnt/0854F03C54F02DD6/Project_STM32_EVA/firmware/Project_EVA/Drivers/STM32F4xx_HAL_Driver/Inc" -I"/mnt/0854F03C54F02DD6/Project_STM32_EVA/firmware/Project_EVA/Drivers/CMSIS/Include" -I"/mnt/0854F03C54F02DD6/Project_STM32_EVA/firmware/Project_EVA/Drivers/CMSIS/Device/ST/STM32F4xx/Include" -I"/mnt/0854F03C54F02DD6/Project_STM32_EVA/firmware/Project_EVA/Drivers/STM32F4xx_HAL_Driver/Inc/Legacy" -I"/mnt/0854F03C54F02DD6/Project_STM32_EVA/firmware/Project_EVA/Middlewares/Third_Party/FreeRTOS/Source/portable/GCC/ARM_CM4F" -I"/mnt/0854F03C54F02DD6/Project_STM32_EVA/firmware/Project_EVA/Middlewares/Third_Party/FreeRTOS/Source/portable/MemMang" -I"/mnt/0854F03C54F02DD6/Project_STM32_EVA/firmware/Project_EVA/Middlewares/Third_Party/FreeRTOS/Source/CMSIS_RTOS_V2" -I"/mnt/0854F03C54F02DD6/Project_STM32_EVA/firmware/Project_EVA/Core/Inc" -include"/mnt/0854F03C54F02DD6/Project_STM32_EVA/firmware/Project_EVA/Middlewares/Third_Party/FreeRTOS/Source/include/FreeRTOS.h" -O0 -ffunction-sections -fdata-sections -Wall -fstack-usage -fcyclomatic-complexity -MMD -MP -MF"Middlewares/Third_Party/FreeRTOS/Source/queue.d" -MT"Middlewares/Third_Party/FreeRTOS/Source/queue.o" --specs=nano.specs -mfpu=fpv4-sp-d16 -mfloat-abi=softfp -mthumb -o "Middlewares/Third_Party/FreeRTOS/Source/queue.o"
arm-none-eabi-gcc "../Middlewares/Third_Party/FreeRTOS/Source/stream_buffer.c" -mcpu=cortex-m4 -std=gnu11 -g3 -DSTM32F401xE -DUSE_HAL_DRIVER -c -I"/mnt/0854F03C54F02DD6/Project_STM32_EVA/firmware/Project_EVA/Middlewares/Third_Party/FreeRTOS/Source/include" -I"/mnt/0854F03C54F02DD6/Project_STM32_EVA/firmware/Project_EVA/Middlewares/Third_Party/FreeRTOS/Source/CMSIS_RTOS_V2" -I"/mnt/0854F03C54F02DD6/Project_STM32_EVA/firmware/Project_EVA/Drivers/STM32F4xx_HAL_Driver/Inc" -I"/mnt/0854F03C54F02DD6/Project_STM32_EVA/firmware/Project_EVA/Drivers/CMSIS/Include" -I"/mnt/0854F03C54F02DD6/Project_STM32_EVA/firmware/Project_EVA/Drivers/CMSIS/Device/ST/STM32F4xx/Include" -I"/mnt/0854F03C54F02DD6/Project_STM32_EVA/firmware/Project_EVA/Drivers/STM32F4xx_HAL_Driver/Inc/Legacy" -I"/mnt/0854F03C54F02DD6/Project_STM32_EVA/firmware/Project_EVA/Middlewares/Third_Party/FreeRTOS/Source/portable/GCC/ARM_CM4F" -I"/mnt/0854F03C54F02DD6/Project_STM32_EVA/firmware/Project_EVA/Middlewares/Third_Party/FreeRTOS/Source/portable/MemMang" -I"/mnt/0854F03C54F02DD6/Project_STM32_EVA/firmware/Project_EVA/Middlewares/Third_Party/FreeRTOS/Source/CMSIS_RTOS_V2" -I"/mnt/0854F03C54F02DD6/Project_STM32_EVA/firmware/Project_EVA/Core/Inc" -include"/mnt/0854F03C54F02DD6/Project_STM32_EVA/firmware/Project_EVA/Middlewares/Third_Party/FreeRTOS/Source/include/FreeRTOS.h" -O0 -ffunction-sections -fdata-sections -Wall -fstack-usage -fcyclomatic-complexity -MMD -MP -MF"Middlewares/Third_Party/FreeRTOS/Source/stream_buffer.d" -MT"Middlewares/Third_Party/FreeRTOS/Source/stream_buffer.o" --specs=nano.specs -mfpu=fpv4-sp-d16 -mfloat-abi=softfp -mthumb -o "Middlewares/Third_Party/FreeRTOS/Source/stream_buffer.o"
arm-none-eabi-gcc "../Middlewares/Third_Party/FreeRTOS/Source/tasks.c" -mcpu=cortex-m4 -std=gnu11 -g3 -DSTM32F401xE -DUSE_HAL_DRIVER -c -I"/mnt/0854F03C54F02DD6/Project_STM32_EVA/firmware/Project_EVA/Middlewares/Third_Party/FreeRTOS/Source/include" -I"/mnt/0854F03C54F02DD6/Project_STM32_EVA/firmware/Project_EVA/Middlewares/Third_Party/FreeRTOS/Source/CMSIS_RTOS_V2" -I"/mnt/0854F03C54F02DD6/Project_STM32_EVA/firmware/Project_EVA/Drivers/STM32F4xx_HAL_Driver/Inc" -I"/mnt/0854F03C54F02DD6/Project_STM32_EVA/firmware/Project_EVA/Drivers/CMSIS/Include" -I"/mnt/0854F03C54F02DD6/Project_STM32_EVA/firmware/Project_EVA/Drivers/CMSIS/Device/ST/STM32F4xx/Include" -I"/mnt/0854F03C54F02DD6/Project_STM32_EVA/firmware/Project_EVA/Drivers/STM32F4xx_HAL_Driver/Inc/Legacy" -I"/mnt/0854F03C54F02DD6/Project_STM32_EVA/firmware/Project_EVA/Middlewares/Third_Party/FreeRTOS/Source/portable/GCC/ARM_CM4F" -I"/mnt/0854F03C54F02DD6/Project_STM32_EVA/firmware/Project_EVA/Middlewares/Third_Party/FreeRTOS/Source/portable/MemMang" -I"/mnt/0854F03C54F02DD6/Project_STM32_EVA/firmware/Project_EVA/Middlewares/Third_Party/FreeRTOS/Source/CMSIS_RTOS_V2" -I"/mnt/0854F03C54F02DD6/Project_STM32_EVA/firmware/Project_EVA/Core/Inc" -include"/mnt/0854F03C54F02DD6/Project_STM32_EVA/firmware/Project_EVA/Middlewares/Third_Party/FreeRTOS/Source/include/FreeRTOS.h" -O0 -ffunction-sections -fdata-sections -Wall -fstack-usage -fcyclomatic-complexity -MMD -MP -MF"Middlewares/Third_Party/FreeRTOS/Source/tasks.d" -MT"Middlewares/Third_Party/FreeRTOS/Source/tasks.o" --specs=nano.specs -mfpu=fpv4-sp-d16 -mfloat-abi=softfp -mthumb -o "Middlewares/Third_Party/FreeRTOS/Source/tasks.o"
arm-none-eabi-gcc "../Middlewares/Third_Party/FreeRTOS/Source/timers.c" -mcpu=cortex-m4 -std=gnu11 -g3 -DSTM32F401xE -DUSE_HAL_DRIVER -c -I"/mnt/0854F03C54F02DD6/Project_STM32_EVA/firmware/Project_EVA/Middlewares/Third_Party/FreeRTOS/Source/include" -I"/mnt/0854F03C54F02DD6/Project_STM32_EVA/firmware/Project_EVA/Middlewares/Third_Party/FreeRTOS/Source/CMSIS_RTOS_V2" -I"/mnt/0854F03C54F02DD6/Project_STM32_EVA/firmware/Project_EVA/Drivers/STM32F4xx_HAL_Driver/Inc" -I"/mnt/0854F03C54F02DD6/Project_STM32_EVA/firmware/Project_EVA/Drivers/CMSIS/Include" -I"/mnt/0854F03C54F02DD6/Project_STM32_EVA/firmware/Project_EVA/Drivers/CMSIS/Device/ST/STM32F4xx/Include" -I"/mnt/0854F03C54F02DD6/Project_STM32_EVA/firmware/Project_EVA/Drivers/STM32F4xx_HAL_Driver/Inc/Legacy" -I"/mnt/0854F03C54F02DD6/Project_STM32_EVA/firmware/Project_EVA/Middlewares/Third_Party/FreeRTOS/Source/portable/GCC/ARM_CM4F" -I"/mnt/0854F03C54F02DD6/Project_STM32_EVA/firmware/Project_EVA/Middlewares/Third_Party/FreeRTOS/Source/portable/MemMang" -I"/mnt/0854F03C54F02DD6/Project_STM32_EVA/firmware/Project_EVA/Middlewares/Third_Party/FreeRTOS/Source/CMSIS_RTOS_V2" -I"/mnt/0854F03C54F02DD6/Project_STM32_EVA/firmware/Project_EVA/Core/Inc" -include"/mnt/0854F03C54F02DD6/Project_STM32_EVA/firmware/Project_EVA/Middlewares/Third_Party/FreeRTOS/Source/include/FreeRTOS.h" -O0 -ffunction-sections -fdata-sections -Wall -fstack-usage -fcyclomatic-complexity -MMD -MP -MF"Middlewares/Third_Party/FreeRTOS/Source/timers.d" -MT"Middlewares/Third_Party/FreeRTOS/Source/timers.o" --specs=nano.specs -mfpu=fpv4-sp-d16 -mfloat-abi=softfp -mthumb -o "Middlewares/Third_Party/FreeRTOS/Source/timers.o"
arm-none-eabi-gcc "../Drivers/STM32F4xx_HAL_Driver/Src/stm32f4xx_hal.c" -mcpu=cortex-m4 -std=gnu11 -g3 -DSTM32F401xE -DUSE_HAL_DRIVER -c -I"/mnt/0854F03C54F02DD6/Project_STM32_EVA/firmware/Project_EVA/Middlewares/Third_Party/FreeRTOS/Source/include" -I"/mnt/0854F03C54F02DD6/Project_STM32_EVA/firmware/Project_EVA/Middlewares/Third_Party/FreeRTOS/Source/CMSIS_RTOS_V2" -I"/mnt/0854F03C54F02DD6/Project_STM32_EVA/firmware/Project_EVA/Drivers/STM32F4xx_HAL_Driver/Inc" -I"/mnt/0854F03C54F02DD6/Project_STM32_EVA/firmware/Project_EVA/Drivers/CMSIS/Include" -I"/mnt/0854F03C54F02DD6/Project_STM32_EVA/firmware/Project_EVA/Drivers/CMSIS/Device/ST/STM32F4xx/Include" -I"/mnt/0854F03C54F02DD6/Project_STM32_EVA/firmware/Project_EVA/Drivers/STM32F4xx_HAL_Driver/Inc/Legacy" -I"/mnt/0854F03C54F02DD6/Project_STM32_EVA/firmware/Project_EVA/Middlewares/Third_Party/FreeRTOS/Source/portable/GCC/ARM_CM4F" -I"/mnt/0854F03C54F02DD6/Project_STM32_EVA/firmware/Project_EVA/Middlewares/Third_Party/FreeRTOS/Source/portable/MemMang" -I"/mnt/0854F03C54F02DD6/Project_STM32_EVA/firmware/Project_EVA/Middlewares/Third_Party/FreeRTOS/Source/CMSIS_RTOS_V2" -I"/mnt/0854F03C54F02DD6/Project_STM32_EVA/firmware/Project_EVA/Core/Inc" -include"/mnt/0854F03C54F02DD6/Project_STM32_EVA/firmware/Project_EVA/Middlewares/Third_Party/FreeRTOS/Source/include/FreeRTOS.h" -O0 -ffunction-sections -fdata-sections -Wall -fstack-usage -fcyclomatic-complexity -MMD -MP -MF"Drivers/STM32F4xx_HAL_Driver/Src/stm32f4xx_hal.d" -MT"Drivers/STM32F4xx_HAL_Driver/Src/stm32f4xx_hal.o" --specs=nano.specs -mfpu=fpv4-sp-d16 -mfloat-abi=softfp -mthumb -o "Drivers/STM32F4xx_HAL_Driver/Src/stm32f4xx_hal.o"
arm-none-eabi-gcc "../Drivers/STM32F4xx_HAL_Driver/Src/stm32f4xx_hal_adc.c" -mcpu=cortex-m4 -std=gnu11 -g3 -DSTM32F401xE -DUSE_HAL_DRIVER -c -I"/mnt/0854F03C54F02DD6/Project_STM32_EVA/firmware/Project_EVA/Middlewares/Third_Party/FreeRTOS/Source/include" -I"/mnt/0854F03C54F02DD6/Project_STM32_EVA/firmware/Project_EVA/Middlewares/Third_Party/FreeRTOS/Source/CMSIS_RTOS_V2" -I"/mnt/0854F03C54F02DD6/Project_STM32_EVA/firmware/Project_EVA/Drivers/STM32F4xx_HAL_Driver/Inc" -I"/mnt/0854F03C54F02DD6/Project_STM32_EVA/firmware/Project_EVA/Drivers/CMSIS/Include" -I"/mnt/0854F03C54F02DD6/Project_STM32_EVA/firmware/Project_EVA/Drivers/CMSIS/Device/ST/STM32F4xx/Include" -I"/mnt/0854F03C54F02DD6/Project_STM32_EVA/firmware/Project_EVA/Drivers/STM32F4xx_HAL_Driver/Inc/Legacy" -I"/mnt/0854F03C54F02DD6/Project_STM32_EVA/firmware/Project_EVA/Middlewares/Third_Party/FreeRTOS/Source/portable/GCC/ARM_CM4F" -I"/mnt/0854F03C54F02DD6/Project_STM32_EVA/firmware/Project_EVA/Middlewares/Third_Party/FreeRTOS/Source/portable/MemMang" -I"/mnt/0854F03C54F02DD6/Project_STM32_EVA/firmware/Project_EVA/Middlewares/Third_Party/FreeRTOS/Source/CMSIS_RTOS_V2" -I"/mnt/0854F03C54F02DD6/Project_STM32_EVA/firmware/Project_EVA/Core/Inc" -include"/mnt/0854F03C54F02DD6/Project_STM32_EVA/firmware/Project_EVA/Middlewares/Third_Party/FreeRTOS/Source/include/FreeRTOS.h" -O0 -ffunction-sections -fdata-sections -Wall -fstack-usage -fcyclomatic-complexity -MMD -MP -MF"Drivers/STM32F4xx_HAL_Driver/Src/stm32f4xx_hal_adc.d" -MT"Drivers/STM32F4xx_HAL_Driver/Src/stm32f4xx_hal_adc.o" --specs=nano.specs -mfpu=fpv4-sp-d16 -mfloat-abi=softfp -mthumb -o "Drivers/STM32F4xx_HAL_Driver/Src/stm32f4xx_hal_adc.o"
arm-none-eabi-gcc "../Drivers/STM32F4xx_HAL_Driver/Src/stm32f4xx_hal_adc_ex.c" -mcpu=cortex-m4 -std=gnu11 -g3 -DSTM32F401xE -DUSE_HAL_DRIVER -c -I"/mnt/0854F03C54F02DD6/Project_STM32_EVA/firmware/Project_EVA/Middlewares/Third_Party/FreeRTOS/Source/include" -I"/mnt/0854F03C54F02DD6/Project_STM32_EVA/firmware/Project_EVA/Middlewares/Third_Party/FreeRTOS/Source/CMSIS_RTOS_V2" -I"/mnt/0854F03C54F02DD6/Project_STM32_EVA/firmware/Project_EVA/Drivers/STM32F4xx_HAL_Driver/Inc" -I"/mnt/0854F03C54F02DD6/Project_STM32_EVA/firmware/Project_EVA/Drivers/CMSIS/Include" -I"/mnt/0854F03C54F02DD6/Project_STM32_EVA/firmware/Project_EVA/Drivers/CMSIS/Device/ST/STM32F4xx/Include" -I"/mnt/0854F03C54F02DD6/Project_STM32_EVA/firmware/Project_EVA/Drivers/STM32F4xx_HAL_Driver/Inc/Legacy" -I"/mnt/0854F03C54F02DD6/Project_STM32_EVA/firmware/Project_EVA/Middlewares/Third_Party/FreeRTOS/Source/portable/GCC/ARM_CM4F" -I"/mnt/0854F03C54F02DD6/Project_STM32_EVA/firmware/Project_EVA/Middlewares/Third_Party/FreeRTOS/Source/portable/MemMang" -I"/mnt/0854F03C54F02DD6/Project_STM32_EVA/firmware/Project_EVA/Middlewares/Third_Party/FreeRTOS/Source/CMSIS_RTOS_V2" -I"/mnt/0854F03C54F02DD6/Project_STM32_EVA/firmware/Project_EVA/Core/Inc" -include"/mnt/0854F03C54F02DD6/Project_STM32_EVA/firmware/Project_EVA/Middlewares/Third_Party/FreeRTOS/Source/include/FreeRTOS.h" -O0 -ffunction-sections -fdata-sections -Wall -fstack-usage -fcyclomatic-complexity -MMD -MP -MF"Drivers/STM32F4xx_HAL_Driver/Src/stm32f4xx_hal_adc_ex.d" -MT"Drivers/STM32F4xx_HAL_Driver/Src/stm32f4xx_hal_adc_ex.o" --specs=nano.specs -mfpu=fpv4-sp-d16 -mfloat-abi=softfp -mthumb -o "Drivers/STM32F4xx_HAL_Driver/Src/stm32f4xx_hal_adc_ex.o"
arm-none-eabi-gcc "../Drivers/STM32F4xx_HAL_Driver/Src/stm32f4xx_hal_cortex.c" -mcpu=cortex-m4 -std=gnu11 -g3 -DSTM32F401xE -DUSE_HAL_DRIVER -c -I"/mnt/0854F03C54F02DD6/Project_STM32_EVA/firmware/Project_EVA/Middlewares/Third_Party/FreeRTOS/Source/include" -I"/mnt/0854F03C54F02DD6/Project_STM32_EVA/firmware/Project_EVA/Middlewares/Third_Party/FreeRTOS/Source/CMSIS_RTOS_V2" -I"/mnt/0854F03C54F02DD6/Project_STM32_EVA/firmware/Project_EVA/Drivers/STM32F4xx_HAL_Driver/Inc" -I"/mnt/0854F03C54F02DD6/Project_STM32_EVA/firmware/Project_EVA/Drivers/CMSIS/Include" -I"/mnt/0854F03C54F02DD6/Project_STM32_EVA/firmware/Project_EVA/Drivers/CMSIS/Device/ST/STM32F4xx/Include" -I"/mnt/0854F03C54F02DD6/Project_STM32_EVA/firmware/Project_EVA/Drivers/STM32F4xx_HAL_Driver/Inc/Legacy" -I"/mnt/0854F03C54F02DD6/Project_STM32_EVA/firmware/Project_EVA/Middlewares/Third_Party/FreeRTOS/Source/portable/GCC/ARM_CM4F" -I"/mnt/0854F03C54F02DD6/Project_STM32_EVA/firmware/Project_EVA/Middlewares/Third_Party/FreeRTOS/Source/portable/MemMang" -I"/mnt/0854F03C54F02DD6/Project_STM32_EVA/firmware/Project_EVA/Middlewares/Third_Party/FreeRTOS/Source/CMSIS_RTOS_V2" -I"/mnt/0854F03C54F02DD6/Project_STM32_EVA/firmware/Project_EVA/Core/Inc" -include"/mnt/0854F03C54F02DD6/Project_STM32_EVA/firmware/Project_EVA/Middlewares/Third_Party/FreeRTOS/Source/include/FreeRTOS.h" -O0 -ffunction-sections -fdata-sections -Wall -fstack-usage -fcyclomatic-complexity -MMD -MP -MF"Drivers/STM32F4xx_HAL_Driver/Src/stm32f4xx_hal_cortex.d" -MT"Drivers/STM32F4xx_HAL_Driver/Src/stm32f4xx_hal_cortex.o" --specs=nano.specs -mfpu=fpv4-sp-d16 -mfloat-abi=softfp -mthumb -o "Drivers/STM32F4xx_HAL_Driver/Src/stm32f4xx_hal_cortex.o"
arm-none-eabi-gcc "../Drivers/STM32F4xx_HAL_Driver/Src/stm32f4xx_hal_dma.c" -mcpu=cortex-m4 -std=gnu11 -g3 -DSTM32F401xE -DUSE_HAL_DRIVER -c -I"/mnt/0854F03C54F02DD6/Project_STM32_EVA/firmware/Project_EVA/Middlewares/Third_Party/FreeRTOS/Source/include" -I"/mnt/0854F03C54F02DD6/Project_STM32_EVA/firmware/Project_EVA/Middlewares/Third_Party/FreeRTOS/Source/CMSIS_RTOS_V2" -I"/mnt/0854F03C54F02DD6/Project_STM32_EVA/firmware/Project_EVA/Drivers/STM32F4xx_HAL_Driver/Inc" -I"/mnt/0854F03C54F02DD6/Project_STM32_EVA/firmware/Project_EVA/Drivers/CMSIS/Include" -I"/mnt/0854F03C54F02DD6/Project_STM32_EVA/firmware/Project_EVA/Drivers/CMSIS/Device/ST/STM32F4xx/Include" -I"/mnt/0854F03C54F02DD6/Project_STM32_EVA/firmware/Project_EVA/Drivers/STM32F4xx_HAL_Driver/Inc/Legacy" -I"/mnt/0854F03C54F02DD6/Project_STM32_EVA/firmware/Project_EVA/Middlewares/Third_Party/FreeRTOS/Source/portable/GCC/ARM_CM4F" -I"/mnt/0854F03C54F02DD6/Project_STM32_EVA/firmware/Project_EVA/Middlewares/Third_Party/FreeRTOS/Source/portable/MemMang" -I"/mnt/0854F03C54F02DD6/Project_STM32_EVA/firmware/Project_EVA/Middlewares/Third_Party/FreeRTOS/Source/CMSIS_RTOS_V2" -I"/mnt/0854F03C54F02DD6/Project_STM32_EVA/firmware/Project_EVA/Core/Inc" -include"/mnt/0854F03C54F02DD6/Project_STM32_EVA/firmware/Project_EVA/Middlewares/Third_Party/FreeRTOS/Source/include/FreeRTOS.h" -O0 -ffunction-sections -fdata-sections -Wall -fstack-usage -fcyclomatic-complexity -MMD -MP -MF"Drivers/STM32F4xx_HAL_Driver/Src/stm32f4xx_hal_dma.d" -MT"Drivers/STM32F4xx_HAL_Driver/Src/stm32f4xx_hal_dma.o" --specs=nano.specs -mfpu=fpv4-sp-d16 -mfloat-abi=softfp -mthumb -o "Drivers/STM32F4xx_HAL_Driver/Src/stm32f4xx_hal_dma.o"
arm-none-eabi-gcc "../Drivers/STM32F4xx_HAL_Driver/Src/stm32f4xx_hal_dma_ex.c" -mcpu=cortex-m4 -std=gnu11 -g3 -DSTM32F401xE -DUSE_HAL_DRIVER -c -I"/mnt/0854F03C54F02DD6/Project_STM32_EVA/firmware/Project_EVA/Middlewares/Third_Party/FreeRTOS/Source/include" -I"/mnt/0854F03C54F02DD6/Project_STM32_EVA/firmware/Project_EVA/Middlewares/Third_Party/FreeRTOS/Source/CMSIS_RTOS_V2" -I"/mnt/0854F03C54F02DD6/Project_STM32_EVA/firmware/Project_EVA/Drivers/STM32F4xx_HAL_Driver/Inc" -I"/mnt/0854F03C54F02DD6/Project_STM32_EVA/firmware/Project_EVA/Drivers/CMSIS/Include" -I"/mnt/0854F03C54F02DD6/Project_STM32_EVA/firmware/Project_EVA/Drivers/CMSIS/Device/ST/STM32F4xx/Include" -I"/mnt/0854F03C54F02DD6/Project_STM32_EVA/firmware/Project_EVA/Drivers/STM32F4xx_HAL_Driver/Inc/Legacy" -I"/mnt/0854F03C54F02DD6/Project_STM32_EVA/firmware/Project_EVA/Middlewares/Third_Party/FreeRTOS/Source/portable/GCC/ARM_CM4F" -I"/mnt/0854F03C54F02DD6/Project_STM32_EVA/firmware/Project_EVA/Middlewares/Third_Party/FreeRTOS/Source/portable/MemMang" -I"/mnt/0854F03C54F02DD6/Project_STM32_EVA/firmware/Project_EVA/Middlewares/Third_Party/FreeRTOS/Source/CMSIS_RTOS_V2" -I"/mnt/0854F03C54F02DD6/Project_STM32_EVA/firmware/Project_EVA/Core/Inc" -include"/mnt/0854F03C54F02DD6/Project_STM32_EVA/firmware/Project_EVA/Middlewares/Third_Party/FreeRTOS/Source/include/FreeRTOS.h" -O0 -ffunction-sections -fdata-sections -Wall -fstack-usage -fcyclomatic-complexity -MMD -MP -MF"Drivers/STM32F4xx_HAL_Driver/Src/stm32f4xx_hal_dma_ex.d" -MT"Drivers/STM32F4xx_HAL_Driver/Src/stm32f4xx_hal_dma_ex.o" --specs=nano.specs -mfpu=fpv4-sp-d16 -mfloat-abi=softfp -mthumb -o "Drivers/STM32F4xx_HAL_Driver/Src/stm32f4xx_hal_dma_ex.o"
arm-none-eabi-gcc "../Drivers/STM32F4xx_HAL_Driver/Src/stm32f4xx_hal_exti.c" -mcpu=cortex-m4 -std=gnu11 -g3 -DSTM32F401xE -DUSE_HAL_DRIVER -c -I"/mnt/0854F03C54F02DD6/Project_STM32_EVA/firmware/Project_EVA/Middlewares/Third_Party/FreeRTOS/Source/include" -I"/mnt/0854F03C54F02DD6/Project_STM32_EVA/firmware/Project_EVA/Middlewares/Third_Party/FreeRTOS/Source/CMSIS_RTOS_V2" -I"/mnt/0854F03C54F02DD6/Project_STM32_EVA/firmware/Project_EVA/Drivers/STM32F4xx_HAL_Driver/Inc" -I"/mnt/0854F03C54F02DD6/Project_STM32_EVA/firmware/Project_EVA/Drivers/CMSIS/Include" -I"/mnt/0854F03C54F02DD6/Project_STM32_EVA/firmware/Project_EVA/Drivers/CMSIS/Device/ST/STM32F4xx/Include" -I"/mnt/0854F03C54F02DD6/Project_STM32_EVA/firmware/Project_EVA/Drivers/STM32F4xx_HAL_Driver/Inc/Legacy" -I"/mnt/0854F03C54F02DD6/Project_STM32_EVA/firmware/Project_EVA/Middlewares/Third_Party/FreeRTOS/Source/portable/GCC/ARM_CM4F" -I"/mnt/0854F03C54F02DD6/Project_STM32_EVA/firmware/Project_EVA/Middlewares/Third_Party/FreeRTOS/Source/portable/MemMang" -I"/mnt/0854F03C54F02DD6/Project_STM32_EVA/firmware/Project_EVA/Middlewares/Third_Party/FreeRTOS/Source/CMSIS_RTOS_V2" -I"/mnt/0854F03C54F02DD6/Project_STM32_EVA/firmware/Project_EVA/Core/Inc" -include"/mnt/0854F03C54F02DD6/Project_STM32_EVA/firmware/Project_EVA/Middlewares/Third_Party/FreeRTOS/Source/include/FreeRTOS.h" -O0 -ffunction-sections -fdata-sections -Wall -fstack-usage -fcyclomatic-complexity -MMD -MP -MF"Drivers/STM32F4xx_HAL_Driver/Src/stm32f4xx_hal_exti.d" -MT"Drivers/STM32F4xx_HAL_Driver/Src/stm32f4xx_hal_exti.o" --specs=nano.specs -mfpu=fpv4-sp-d16 -mfloat-abi=softfp -mthumb -o "Drivers/STM32F4xx_HAL_Driver/Src/stm32f4xx_hal_exti.o"
arm-none-eabi-gcc "../Drivers/STM32F4xx_HAL_Driver/Src/stm32f4xx_hal_flash.c" -mcpu=cortex-m4 -std=gnu11 -g3 -DSTM32F401xE -DUSE_HAL_DRIVER -c -I"/mnt/0854F03C54F02DD6/Project_STM32_EVA/firmware/Project_EVA/Middlewares/Third_Party/FreeRTOS/Source/include" -I"/mnt/0854F03C54F02DD6/Project_STM32_EVA/firmware/Project_EVA/Middlewares/Third_Party/FreeRTOS/Source/CMSIS_RTOS_V2" -I"/mnt/0854F03C54F02DD6/Project_STM32_EVA/firmware/Project_EVA/Drivers/STM32F4xx_HAL_Driver/Inc" -I"/mnt/0854F03C54F02DD6/Project_STM32_EVA/firmware/Project_EVA/Drivers/CMSIS/Include" -I"/mnt/0854F03C54F02DD6/Project_STM32_EVA/firmware/Project_EVA/Drivers/CMSIS/Device/ST/STM32F4xx/Include" -I"/mnt/0854F03C54F02DD6/Project_STM32_EVA/firmware/Project_EVA/Drivers/STM32F4xx_HAL_Driver/Inc/Legacy" -I"/mnt/0854F03C54F02DD6/Project_STM32_EVA/firmware/Project_EVA/Middlewares/Third_Party/FreeRTOS/Source/portable/GCC/ARM_CM4F" -I"/mnt/0854F03C54F02DD6/Project_STM32_EVA/firmware/Project_EVA/Middlewares/Third_Party/FreeRTOS/Source/portable/MemMang" -I"/mnt/0854F03C54F02DD6/Project_STM32_EVA/firmware/Project_EVA/Middlewares/Third_Party/FreeRTOS/Source/CMSIS_RTOS_V2" -I"/mnt/0854F03C54F02DD6/Project_STM32_EVA/firmware/Project_EVA/Core/Inc" -include"/mnt/0854F03C54F02DD6/Project_STM32_EVA/firmware/Project_EVA/Middlewares/Third_Party/FreeRTOS/Source/include/FreeRTOS.h" -O0 -ffunction-sections -fdata-sections -Wall -fstack-usage -fcyclomatic-complexity -MMD -MP -MF"Drivers/STM32F4xx_HAL_Driver/Src/stm32f4xx_hal_flash.d" -MT"Drivers/STM32F4xx_HAL_Driver/Src/stm32f4xx_hal_flash.o" --specs=nano.specs -mfpu=fpv4-sp-d16 -mfloat-abi=softfp -mthumb -o "Drivers/STM32F4xx_HAL_Driver/Src/stm32f4xx_hal_flash.o"
arm-none-eabi-gcc "../Drivers/STM32F4xx_HAL_Driver/Src/stm32f4xx_hal_flash_ex.c" -mcpu=cortex-m4 -std=gnu11 -g3 -DSTM32F401xE -DUSE_HAL_DRIVER -c -I"/mnt/0854F03C54F02DD6/Project_STM32_EVA/firmware/Project_EVA/Middlewares/Third_Party/FreeRTOS/Source/include" -I"/mnt/0854F03C54F02DD6/Project_STM32_EVA/firmware/Project_EVA/Middlewares/Third_Party/FreeRTOS/Source/CMSIS_RTOS_V2" -I"/mnt/0854F03C54F02DD6/Project_STM32_EVA/firmware/Project_EVA/Drivers/STM32F4xx_HAL_Driver/Inc" -I"/mnt/0854F03C54F02DD6/Project_STM32_EVA/firmware/Project_EVA/Drivers/CMSIS/Include" -I"/mnt/0854F03C54F02DD6/Project_STM32_EVA/firmware/Project_EVA/Drivers/CMSIS/Device/ST/STM32F4xx/Include" -I"/mnt/0854F03C54F02DD6/Project_STM32_EVA/firmware/Project_EVA/Drivers/STM32F4xx_HAL_Driver/Inc/Legacy" -I"/mnt/0854F03C54F02DD6/Project_STM32_EVA/firmware/Project_EVA/Middlewares/Third_Party/FreeRTOS/Source/portable/GCC/ARM_CM4F" -I"/mnt/0854F03C54F02DD6/Project_STM32_EVA/firmware/Project_EVA/Middlewares/Third_Party/FreeRTOS/Source/portable/MemMang" -I"/mnt/0854F03C54F02DD6/Project_STM32_EVA/firmware/Project_EVA/Middlewares/Third_Party/FreeRTOS/Source/CMSIS_RTOS_V2" -I"/mnt/0854F03C54F02DD6/Project_STM32_EVA/firmware/Project_EVA/Core/Inc" -include"/mnt/0854F03C54F02DD6/Project_STM32_EVA/firmware/Project_EVA/Middlewares/Third_Party/FreeRTOS/Source/include/FreeRTOS.h" -O0 -ffunction-sections -fdata-sections -Wall -fstack-usage -fcyclomatic-complexity -MMD -MP -MF"Drivers/STM32F4xx_HAL_Driver/Src/stm32f4xx_hal_flash_ex.d" -MT"Drivers/STM32F4xx_HAL_Driver/Src/stm32f4xx_hal_flash_ex.o" --specs=nano.specs -mfpu=fpv4-sp-d16 -mfloat-abi=softfp -mthumb -o "Drivers/STM32F4xx_HAL_Driver/Src/stm32f4xx_hal_flash_ex.o"
arm-none-eabi-gcc "../Drivers/STM32F4xx_HAL_Driver/Src/stm32f4xx_hal_flash_ramfunc.c" -mcpu=cortex-m4 -std=gnu11 -g3 -DSTM32F401xE -DUSE_HAL_DRIVER -c -I"/mnt/0854F03C54F02DD6/Project_STM32_EVA/firmware/Project_EVA/Middlewares/Third_Party/FreeRTOS/Source/include" -I"/mnt/0854F03C54F02DD6/Project_STM32_EVA/firmware/Project_EVA/Middlewares/Third_Party/FreeRTOS/Source/CMSIS_RTOS_V2" -I"/mnt/0854F03C54F02DD6/Project_STM32_EVA/firmware/Project_EVA/Drivers/STM32F4xx_HAL_Driver/Inc" -I"/mnt/0854F03C54F02DD6/Project_STM32_EVA/firmware/Project_EVA/Drivers/CMSIS/Include" -I"/mnt/0854F03C54F02DD6/Project_STM32_EVA/firmware/Project_EVA/Drivers/CMSIS/Device/ST/STM32F4xx/Include" -I"/mnt/0854F03C54F02DD6/Project_STM32_EVA/firmware/Project_EVA/Drivers/STM32F4xx_HAL_Driver/Inc/Legacy" -I"/mnt/0854F03C54F02DD6/Project_STM32_EVA/firmware/Project_EVA/Middlewares/Third_Party/FreeRTOS/Source/portable/GCC/ARM_CM4F" -I"/mnt/0854F03C54F02DD6/Project_STM32_EVA/firmware/Project_EVA/Middlewares/Third_Party/FreeRTOS/Source/portable/MemMang" -I"/mnt/0854F03C54F02DD6/Project_STM32_EVA/firmware/Project_EVA/Middlewares/Third_Party/FreeRTOS/Source/CMSIS_RTOS_V2" -I"/mnt/0854F03C54F02DD6/Project_STM32_EVA/firmware/Project_EVA/Core/Inc" -include"/mnt/0854F03C54F02DD6/Project_STM32_EVA/firmware/Project_EVA/Middlewares/Third_Party/FreeRTOS/Source/include/FreeRTOS.h" -O0 -ffunction-sections -fdata-sections -Wall -fstack-usage -fcyclomatic-complexity -MMD -MP -MF"Drivers/STM32F4xx_HAL_Driver/Src/stm32f4xx_hal_flash_ramfunc.d" -MT"Drivers/STM32F4xx_HAL_Driver/Src/stm32f4xx_hal_flash_ramfunc.o" --specs=nano.specs -mfpu=fpv4-sp-d16 -mfloat-abi=softfp -mthumb -o "Drivers/STM32F4xx_HAL_Driver/Src/stm32f4xx_hal_flash_ramfunc.o"
arm-none-eabi-gcc "../Drivers/STM32F4xx_HAL_Driver/Src/stm32f4xx_hal_gpio.c" -mcpu=cortex-m4 -std=gnu11 -g3 -DSTM32F401xE -DUSE_HAL_DRIVER -c -I"/mnt/0854F03C54F02DD6/Project_STM32_EVA/firmware/Project_EVA/Middlewares/Third_Party/FreeRTOS/Source/include" -I"/mnt/0854F03C54F02DD6/Project_STM32_EVA/firmware/Project_EVA/Middlewares/Third_Party/FreeRTOS/Source/CMSIS_RTOS_V2" -I"/mnt/0854F03C54F02DD6/Project_STM32_EVA/firmware/Project_EVA/Drivers/STM32F4xx_HAL_Driver/Inc" -I"/mnt/0854F03C54F02DD6/Project_STM32_EVA/firmware/Project_EVA/Drivers/CMSIS/Include" -I"/mnt/0854F03C54F02DD6/Project_STM32_EVA/firmware/Project_EVA/Drivers/CMSIS/Device/ST/STM32F4xx/Include" -I"/mnt/0854F03C54F02DD6/Project_STM32_EVA/firmware/Project_EVA/Drivers/STM32F4xx_HAL_Driver/Inc/Legacy" -I"/mnt/0854F03C54F02DD6/Project_STM32_EVA/firmware/Project_EVA/Middlewares/Third_Party/FreeRTOS/Source/portable/GCC/ARM_CM4F" -I"/mnt/0854F03C54F02DD6/Project_STM32_EVA/firmware/Project_EVA/Middlewares/Third_Party/FreeRTOS/Source/portable/MemMang" -I"/mnt/0854F03C54F02DD6/Project_STM32_EVA/firmware/Project_EVA/Middlewares/Third_Party/FreeRTOS/Source/CMSIS_RTOS_V2" -I"/mnt/0854F03C54F02DD6/Project_STM32_EVA/firmware/Project_EVA/Core/Inc" -include"/mnt/0854F03C54F02DD6/Project_STM32_EVA/firmware/Project_EVA/Middlewares/Third_Party/FreeRTOS/Source/include/FreeRTOS.h" -O0 -ffunction-sections -fdata-sections -Wall -fstack-usage -fcyclomatic-complexity -MMD -MP -MF"Drivers/STM32F4xx_HAL_Driver/Src/stm32f4xx_hal_gpio.d" -MT"Drivers/STM32F4xx_HAL_Driver/Src/stm32f4xx_hal_gpio.o" --specs=nano.specs -mfpu=fpv4-sp-d16 -mfloat-abi=softfp -mthumb -o "Drivers/STM32F4xx_HAL_Driver/Src/stm32f4xx_hal_gpio.o"
arm-none-eabi-gcc "../Drivers/STM32F4xx_HAL_Driver/Src/stm32f4xx_hal_i2c.c" -mcpu=cortex-m4 -std=gnu11 -g3 -DSTM32F401xE -DUSE_HAL_DRIVER -c -I"/mnt/0854F03C54F02DD6/Project_STM32_EVA/firmware/Project_EVA/Middlewares/Third_Party/FreeRTOS/Source/include" -I"/mnt/0854F03C54F02DD6/Project_STM32_EVA/firmware/Project_EVA/Middlewares/Third_Party/FreeRTOS/Source/CMSIS_RTOS_V2" -I"/mnt/0854F03C54F02DD6/Project_STM32_EVA/firmware/Project_EVA/Drivers/STM32F4xx_HAL_Driver/Inc" -I"/mnt/0854F03C54F02DD6/Project_STM32_EVA/firmware/Project_EVA/Drivers/CMSIS/Include" -I"/mnt/0854F03C54F02DD6/Project_STM32_EVA/firmware/Project_EVA/Drivers/CMSIS/Device/ST/STM32F4xx/Include" -I"/mnt/0854F03C54F02DD6/Project_STM32_EVA/firmware/Project_EVA/Drivers/STM32F4xx_HAL_Driver/Inc/Legacy" -I"/mnt/0854F03C54F02DD6/Project_STM32_EVA/firmware/Project_EVA/Middlewares/Third_Party/FreeRTOS/Source/portable/GCC/ARM_CM4F" -I"/mnt/0854F03C54F02DD6/Project_STM32_EVA/firmware/Project_EVA/Middlewares/Third_Party/FreeRTOS/Source/portable/MemMang" -I"/mnt/0854F03C54F02DD6/Project_STM32_EVA/firmware/Project_EVA/Middlewares/Third_Party/FreeRTOS/Source/CMSIS_RTOS_V2" -I"/mnt/0854F03C54F02DD6/Project_STM32_EVA/firmware/Project_EVA/Core/Inc" -include"/mnt/0854F03C54F02DD6/Project_STM32_EVA/firmware/Project_EVA/Middlewares/Third_Party/FreeRTOS/Source/include/FreeRTOS.h" -O0 -ffunction-sections -fdata-sections -Wall -fstack-usage -fcyclomatic-complexity -MMD -MP -MF"Drivers/STM32F4xx_HAL_Driver/Src/stm32f4xx_hal_i2c.d" -MT"Drivers/STM32F4xx_HAL_Driver/Src/stm32f4xx_hal_i2c.o" --specs=nano.specs -mfpu=fpv4-sp-d16 -mfloat-abi=softfp -mthumb -o "Drivers/STM32F4xx_HAL_Driver/Src/stm32f4xx_hal_i2c.o"
arm-none-eabi-gcc "../Drivers/STM32F4xx_HAL_Driver/Src/stm32f4xx_hal_i2c_ex.c" -mcpu=cortex-m4 -std=gnu11 -g3 -DSTM32F401xE -DUSE_HAL_DRIVER -c -I"/mnt/0854F03C54F02DD6/Project_STM32_EVA/firmware/Project_EVA/Middlewares/Third_Party/FreeRTOS/Source/include" -I"/mnt/0854F03C54F02DD6/Project_STM32_EVA/firmware/Project_EVA/Middlewares/Third_Party/FreeRTOS/Source/CMSIS_RTOS_V2" -I"/mnt/0854F03C54F02DD6/Project_STM32_EVA/firmware/Project_EVA/Drivers/STM32F4xx_HAL_Driver/Inc" -I"/mnt/0854F03C54F02DD6/Project_STM32_EVA/firmware/Project_EVA/Drivers/CMSIS/Include" -I"/mnt/0854F03C54F02DD6/Project_STM32_EVA/firmware/Project_EVA/Drivers/CMSIS/Device/ST/STM32F4xx/Include" -I"/mnt/0854F03C54F02DD6/Project_STM32_EVA/firmware/Project_EVA/Drivers/STM32F4xx_HAL_Driver/Inc/Legacy" -I"/mnt/0854F03C54F02DD6/Project_STM32_EVA/firmware/Project_EVA/Middlewares/Third_Party/FreeRTOS/Source/portable/GCC/ARM_CM4F" -I"/mnt/0854F03C54F02DD6/Project_STM32_EVA/firmware/Project_EVA/Middlewares/Third_Party/FreeRTOS/Source/portable/MemMang" -I"/mnt/0854F03C54F02DD6/Project_STM32_EVA/firmware/Project_EVA/Middlewares/Third_Party/FreeRTOS/Source/CMSIS_RTOS_V2" -I"/mnt/0854F03C54F02DD6/Project_STM32_EVA/firmware/Project_EVA/Core/Inc" -include"/mnt/0854F03C54F02DD6/Project_STM32_EVA/firmware/Project_EVA/Middlewares/Third_Party/FreeRTOS/Source/include/FreeRTOS.h" -O0 -ffunction-sections -fdata-sections -Wall -fstack-usage -fcyclomatic-complexity -MMD -MP -MF"Drivers/STM32F4xx_HAL_Driver/Src/stm32f4xx_hal_i2c_ex.d" -MT"Drivers/STM32F4xx_HAL_Driver/Src/stm32f4xx_hal_i2c_ex.o" --specs=nano.specs -mfpu=fpv4-sp-d16 -mfloat-abi=softfp -mthumb -o "Drivers/STM32F4xx_HAL_Driver/Src/stm32f4xx_hal_i2c_ex.o"
arm-none-eabi-gcc "../Drivers/STM32F4xx_HAL_Driver/Src/stm32f4xx_hal_pwr.c" -mcpu=cortex-m4 -std=gnu11 -g3 -DSTM32F401xE -DUSE_HAL_DRIVER -c -I"/mnt/0854F03C54F02DD6/Project_STM32_EVA/firmware/Project_EVA/Middlewares/Third_Party/FreeRTOS/Source/include" -I"/mnt/0854F03C54F02DD6/Project_STM32_EVA/firmware/Project_EVA/Middlewares/Third_Party/FreeRTOS/Source/CMSIS_RTOS_V2" -I"/mnt/0854F03C54F02DD6/Project_STM32_EVA/firmware/Project_EVA/Drivers/STM32F4xx_HAL_Driver/Inc" -I"/mnt/0854F03C54F02DD6/Project_STM32_EVA/firmware/Project_EVA/Drivers/CMSIS/Include" -I"/mnt/0854F03C54F02DD6/Project_STM32_EVA/firmware/Project_EVA/Drivers/CMSIS/Device/ST/STM32F4xx/Include" -I"/mnt/0854F03C54F02DD6/Project_STM32_EVA/firmware/Project_EVA/Drivers/STM32F4xx_HAL_Driver/Inc/Legacy" -I"/mnt/0854F03C54F02DD6/Project_STM32_EVA/firmware/Project_EVA/Middlewares/Third_Party/FreeRTOS/Source/portable/GCC/ARM_CM4F" -I"/mnt/0854F03C54F02DD6/Project_STM32_EVA/firmware/Project_EVA/Middlewares/Third_Party/FreeRTOS/Source/portable/MemMang" -I"/mnt/0854F03C54F02DD6/Project_STM32_EVA/firmware/Project_EVA/Middlewares/Third_Party/FreeRTOS/Source/CMSIS_RTOS_V2" -I"/mnt/0854F03C54F02DD6/Project_STM32_EVA/firmware/Project_EVA/Core/Inc" -include"/mnt/0854F03C54F02DD6/Project_STM32_EVA/firmware/Project_EVA/Middlewares/Third_Party/FreeRTOS/Source/include/FreeRTOS.h" -O0 -ffunction-sections -fdata-sections -Wall -fstack-usage -fcyclomatic-complexity -MMD -MP -MF"Drivers/STM32F4xx_HAL_Driver/Src/stm32f4xx_hal_pwr.d" -MT"Drivers/STM32F4xx_HAL_Driver/Src/stm32f4xx_hal_pwr.o" --specs=nano.specs -mfpu=fpv4-sp-d16 -mfloat-abi=softfp -mthumb -o "Drivers/STM32F4xx_HAL_Driver/Src/stm32f4xx_hal_pwr.o"
arm-none-eabi-gcc "../Drivers/STM32F4xx_HAL_Driver/Src/stm32f4xx_hal_pwr_ex.c" -mcpu=cortex-m4 -std=gnu11 -g3 -DSTM32F401xE -DUSE_HAL_DRIVER -c -I"/mnt/0854F03C54F02DD6/Project_STM32_EVA/firmware/Project_EVA/Middlewares/Third_Party/FreeRTOS/Source/include" -I"/mnt/0854F03C54F02DD6/Project_STM32_EVA/firmware/Project_EVA/Middlewares/Third_Party/FreeRTOS/Source/CMSIS_RTOS_V2" -I"/mnt/0854F03C54F02DD6/Project_STM32_EVA/firmware/Project_EVA/Drivers/STM32F4xx_HAL_Driver/Inc" -I"/mnt/0854F03C54F02DD6/Project_STM32_EVA/firmware/Project_EVA/Drivers/CMSIS/Include" -I"/mnt/0854F03C54F02DD6/Project_STM32_EVA/firmware/Project_EVA/Drivers/CMSIS/Device/ST/STM32F4xx/Include" -I"/mnt/0854F03C54F02DD6/Project_STM32_EVA/firmware/Project_EVA/Drivers/STM32F4xx_HAL_Driver/Inc/Legacy" -I"/mnt/0854F03C54F02DD6/Project_STM32_EVA/firmware/Project_EVA/Middlewares/Third_Party/FreeRTOS/Source/portable/GCC/ARM_CM4F" -I"/mnt/0854F03C54F02DD6/Project_STM32_EVA/firmware/Project_EVA/Middlewares/Third_Party/FreeRTOS/Source/portable/MemMang" -I"/mnt/0854F03C54F02DD6/Project_STM32_EVA/firmware/Project_EVA/Middlewares/Third_Party/FreeRTOS/Source/CMSIS_RTOS_V2" -I"/mnt/0854F03C54F02DD6/Project_STM32_EVA/firmware/Project_EVA/Core/Inc" -include"/mnt/0854F03C54F02DD6/Project_STM32_EVA/firmware/Project_EVA/Middlewares/Third_Party/FreeRTOS/Source/include/FreeRTOS.h" -O0 -ffunction-sections -fdata-sections -Wall -fstack-usage -fcyclomatic-complexity -MMD -MP -MF"Drivers/STM32F4xx_HAL_Driver/Src/stm32f4xx_hal_pwr_ex.d" -MT"Drivers/STM32F4xx_HAL_Driver/Src/stm32f4xx_hal_pwr_ex.o" --specs=nano.specs -mfpu=fpv4-sp-d16 -mfloat-abi=softfp -mthumb -o "Drivers/STM32F4xx_HAL_Driver/Src/stm32f4xx_hal_pwr_ex.o"
arm-none-eabi-gcc "../Drivers/STM32F4xx_HAL_Driver/Src/stm32f4xx_hal_rcc.c" -mcpu=cortex-m4 -std=gnu11 -g3 -DSTM32F401xE -DUSE_HAL_DRIVER -c -I"/mnt/0854F03C54F02DD6/Project_STM32_EVA/firmware/Project_EVA/Middlewares/Third_Party/FreeRTOS/Source/include" -I"/mnt/0854F03C54F02DD6/Project_STM32_EVA/firmware/Project_EVA/Middlewares/Third_Party/FreeRTOS/Source/CMSIS_RTOS_V2" -I"/mnt/0854F03C54F02DD6/Project_STM32_EVA/firmware/Project_EVA/Drivers/STM32F4xx_HAL_Driver/Inc" -I"/mnt/0854F03C54F02DD6/Project_STM32_EVA/firmware/Project_EVA/Drivers/CMSIS/Include" -I"/mnt/0854F03C54F02DD6/Project_STM32_EVA/firmware/Project_EVA/Drivers/CMSIS/Device/ST/STM32F4xx/Include" -I"/mnt/0854F03C54F02DD6/Project_STM32_EVA/firmware/Project_EVA/Drivers/STM32F4xx_HAL_Driver/Inc/Legacy" -I"/mnt/0854F03C54F02DD6/Project_STM32_EVA/firmware/Project_EVA/Middlewares/Third_Party/FreeRTOS/Source/portable/GCC/ARM_CM4F" -I"/mnt/0854F03C54F02DD6/Project_STM32_EVA/firmware/Project_EVA/Middlewares/Third_Party/FreeRTOS/Source/portable/MemMang" -I"/mnt/0854F03C54F02DD6/Project_STM32_EVA/firmware/Project_EVA/Middlewares/Third_Party/FreeRTOS/Source/CMSIS_RTOS_V2" -I"/mnt/0854F03C54F02DD6/Project_STM32_EVA/firmware/Project_EVA/Core/Inc" -include"/mnt/0854F03C54F02DD6/Project_STM32_EVA/firmware/Project_EVA/Middlewares/Third_Party/FreeRTOS/Source/include/FreeRTOS.h" -O0 -ffunction-sections -fdata-sections -Wall -fstack-usage -fcyclomatic-complexity -MMD -MP -MF"Drivers/STM32F4xx_HAL_Driver/Src/stm32f4xx_hal_rcc.d" -MT"Drivers/STM32F4xx_HAL_Driver/Src/stm32f4xx_hal_rcc.o" --specs=nano.specs -mfpu=fpv4-sp-d16 -mfloat-abi=softfp -mthumb -o "Drivers/STM32F4xx_HAL_Driver/Src/stm32f4xx_hal_rcc.o"
arm-none-eabi-gcc "../Drivers/STM32F4xx_HAL_Driver/Src/stm32f4xx_hal_rcc_ex.c" -mcpu=cortex-m4 -std=gnu11 -g3 -DSTM32F401xE -DUSE_HAL_DRIVER -c -I"/mnt/0854F03C54F02DD6/Project_STM32_EVA/firmware/Project_EVA/Middlewares/Third_Party/FreeRTOS/Source/include" -I"/mnt/0854F03C54F02DD6/Project_STM32_EVA/firmware/Project_EVA/Middlewares/Third_Party/FreeRTOS/Source/CMSIS_RTOS_V2" -I"/mnt/0854F03C54F02DD6/Project_STM32_EVA/firmware/Project_EVA/Drivers/STM32F4xx_HAL_Driver/Inc" -I"/mnt/0854F03C54F02DD6/Project_STM32_EVA/firmware/Project_EVA/Drivers/CMSIS/Include" -I"/mnt/0854F03C54F02DD6/Project_STM32_EVA/firmware/Project_EVA/Drivers/CMSIS/Device/ST/STM32F4xx/Include" -I"/mnt/0854F03C54F02DD6/Project_STM32_EVA/firmware/Project_EVA/Drivers/STM32F4xx_HAL_Driver/Inc/Legacy" -I"/mnt/0854F03C54F02DD6/Project_STM32_EVA/firmware/Project_EVA/Middlewares/Third_Party/FreeRTOS/Source/portable/GCC/ARM_CM4F" -I"/mnt/0854F03C54F02DD6/Project_STM32_EVA/firmware/Project_EVA/Middlewares/Third_Party/FreeRTOS/Source/portable/MemMang" -I"/mnt/0854F03C54F02DD6/Project_STM32_EVA/firmware/Project_EVA/Middlewares/Third_Party/FreeRTOS/Source/CMSIS_RTOS_V2" -I"/mnt/0854F03C54F02DD6/Project_STM32_EVA/firmware/Project_EVA/Core/Inc" -include"/mnt/0854F03C54F02DD6/Project_STM32_EVA/firmware/Project_EVA/Middlewares/Third_Party/FreeRTOS/Source/include/FreeRTOS.h" -O0 -ffunction-sections -fdata-sections -Wall -fstack-usage -fcyclomatic-complexity -MMD -MP -MF"Drivers/STM32F4xx_HAL_Driver/Src/stm32f4xx_hal_rcc_ex.d" -MT"Drivers/STM32F4xx_HAL_Driver/Src/stm32f4xx_hal_rcc_ex.o" --specs=nano.specs -mfpu=fpv4-sp-d16 -mfloat-abi=softfp -mthumb -o "Drivers/STM32F4xx_HAL_Driver/Src/stm32f4xx_hal_rcc_ex.o"
arm-none-eabi-gcc "../Drivers/STM32F4xx_HAL_Driver/Src/stm32f4xx_hal_tim.c" -mcpu=cortex-m4 -std=gnu11 -g3 -DSTM32F401xE -DUSE_HAL_DRIVER -c -I"/mnt/0854F03C54F02DD6/Project_STM32_EVA/firmware/Project_EVA/Middlewares/Third_Party/FreeRTOS/Source/include" -I"/mnt/0854F03C54F02DD6/Project_STM32_EVA/firmware/Project_EVA/Middlewares/Third_Party/FreeRTOS/Source/CMSIS_RTOS_V2" -I"/mnt/0854F03C54F02DD6/Project_STM32_EVA/firmware/Project_EVA/Drivers/STM32F4xx_HAL_Driver/Inc" -I"/mnt/0854F03C54F02DD6/Project_STM32_EVA/firmware/Project_EVA/Drivers/CMSIS/Include" -I"/mnt/0854F03C54F02DD6/Project_STM32_EVA/firmware/Project_EVA/Drivers/CMSIS/Device/ST/STM32F4xx/Include" -I"/mnt/0854F03C54F02DD6/Project_STM32_EVA/firmware/Project_EVA/Drivers/STM32F4xx_HAL_Driver/Inc/Legacy" -I"/mnt/0854F03C54F02DD6/Project_STM32_EVA/firmware/Project_EVA/Middlewares/Third_Party/FreeRTOS/Source/portable/GCC/ARM_CM4F" -I"/mnt/0854F03C54F02DD6/Project_STM32_EVA/firmware/Project_EVA/Middlewares/Third_Party/FreeRTOS/Source/portable/MemMang" -I"/mnt/0854F03C54F02DD6/Project_STM32_EVA/firmware/Project_EVA/Middlewares/Third_Party/FreeRTOS/Source/CMSIS_RTOS_V2" -I"/mnt/0854F03C54F02DD6/Project_STM32_EVA/firmware/Project_EVA/Core/Inc" -include"/mnt/0854F03C54F02DD6/Project_STM32_EVA/firmware/Project_EVA/Middlewares/Third_Party/FreeRTOS/Source/include/FreeRTOS.h" -O0 -ffunction-sections -fdata-sections -Wall -fstack-usage -fcyclomatic-complexity -MMD -MP -MF"Drivers/STM32F4xx_HAL_Driver/Src/stm32f4xx_hal_tim.d" -MT"Drivers/STM32F4xx_HAL_Driver/Src/stm32f4xx_hal_tim.o" --specs=nano.specs -mfpu=fpv4-sp-d16 -mfloat-abi=softfp -mthumb -o "Drivers/STM32F4xx_HAL_Driver/Src/stm32f4xx_hal_tim.o"
arm-none-eabi-gcc "../Drivers/STM32F4xx_HAL_Driver/Src/stm32f4xx_hal_tim_ex.c" -mcpu=cortex-m4 -std=gnu11 -g3 -DSTM32F401xE -DUSE_HAL_DRIVER -c -I"/mnt/0854F03C54F02DD6/Project_STM32_EVA/firmware/Project_EVA/Middlewares/Third_Party/FreeRTOS/Source/include" -I"/mnt/0854F03C54F02DD6/Project_STM32_EVA/firmware/Project_EVA/Middlewares/Third_Party/FreeRTOS/Source/CMSIS_RTOS_V2" -I"/mnt/0854F03C54F02DD6/Project_STM32_EVA/firmware/Project_EVA/Drivers/STM32F4xx_HAL_Driver/Inc" -I"/mnt/0854F03C54F02DD6/Project_STM32_EVA/firmware/Project_EVA/Drivers/CMSIS/Include" -I"/mnt/0854F03C54F02DD6/Project_STM32_EVA/firmware/Project_EVA/Drivers/CMSIS/Device/ST/STM32F4xx/Include" -I"/mnt/0854F03C54F02DD6/Project_STM32_EVA/firmware/Project_EVA/Drivers/STM32F4xx_HAL_Driver/Inc/Legacy" -I"/mnt/0854F03C54F02DD6/Project_STM32_EVA/firmware/Project_EVA/Middlewares/Third_Party/FreeRTOS/Source/portable/GCC/ARM_CM4F" -I"/mnt/0854F03C54F02DD6/Project_STM32_EVA/firmware/Project_EVA/Middlewares/Third_Party/FreeRTOS/Source/portable/MemMang" -I"/mnt/0854F03C54F02DD6/Project_STM32_EVA/firmware/Project_EVA/Middlewares/Third_Party/FreeRTOS/Source/CMSIS_RTOS_V2" -I"/mnt/0854F03C54F02DD6/Project_STM32_EVA/firmware/Project_EVA/Core/Inc" -include"/mnt/0854F03C54F02DD6/Project_STM32_EVA/firmware/Project_EVA/Middlewares/Third_Party/FreeRTOS/Source/include/FreeRTOS.h" -O0 -ffunction-sections -fdata-sections -Wall -fstack-usage -fcyclomatic-complexity -MMD -MP -MF"Drivers/STM32F4xx_HAL_Driver/Src/stm32f4xx_hal_tim_ex.d" -MT"Drivers/STM32F4xx_HAL_Driver/Src/stm32f4xx_hal_tim_ex.o" --specs=nano.specs -mfpu=fpv4-sp-d16 -mfloat-abi=softfp -mthumb -o "Drivers/STM32F4xx_HAL_Driver/Src/stm32f4xx_hal_tim_ex.o"
arm-none-eabi-gcc "../Drivers/STM32F4xx_HAL_Driver/Src/stm32f4xx_hal_uart.c" -mcpu=cortex-m4 -std=gnu11 -g3 -DSTM32F401xE -DUSE_HAL_DRIVER -c -I"/mnt/0854F03C54F02DD6/Project_STM32_EVA/firmware/Project_EVA/Middlewares/Third_Party/FreeRTOS/Source/include" -I"/mnt/0854F03C54F02DD6/Project_STM32_EVA/firmware/Project_EVA/Middlewares/Third_Party/FreeRTOS/Source/CMSIS_RTOS_V2" -I"/mnt/0854F03C54F02DD6/Project_STM32_EVA/firmware/Project_EVA/Drivers/STM32F4xx_HAL_Driver/Inc" -I"/mnt/0854F03C54F02DD6/Project_STM32_EVA/firmware/Project_EVA/Drivers/CMSIS/Include" -I"/mnt/0854F03C54F02DD6/Project_STM32_EVA/firmware/Project_EVA/Drivers/CMSIS/Device/ST/STM32F4xx/Include" -I"/mnt/0854F03C54F02DD6/Project_STM32_EVA/firmware/Project_EVA/Drivers/STM32F4xx_HAL_Driver/Inc/Legacy" -I"/mnt/0854F03C54F02DD6/Project_STM32_EVA/firmware/Project_EVA/Middlewares/Third_Party/FreeRTOS/Source/portable/GCC/ARM_CM4F" -I"/mnt/0854F03C54F02DD6/Project_STM32_EVA/firmware/Project_EVA/Middlewares/Third_Party/FreeRTOS/Source/portable/MemMang" -I"/mnt/0854F03C54F02DD6/Project_STM32_EVA/firmware/Project_EVA/Middlewares/Third_Party/FreeRTOS/Source/CMSIS_RTOS_V2" -I"/mnt/0854F03C54F02DD6/Project_STM32_EVA/firmware/Project_EVA/Core/Inc" -include"/mnt/0854F03C54F02DD6/Project_STM32_EVA/firmware/Project_EVA/Middlewares/Third_Party/FreeRTOS/Source/include/FreeRTOS.h" -O0 -ffunction-sections -fdata-sections -Wall -fstack-usage -fcyclomatic-complexity -MMD -MP -MF"Drivers/STM32F4xx_HAL_Driver/Src/stm32f4xx_hal_uart.d" -MT"Drivers/STM32F4xx_HAL_Driver/Src/stm32f4xx_hal_uart.o" --specs=nano.specs -mfpu=fpv4-sp-d16 -mfloat-abi=softfp -mthumb -o "Drivers/STM32F4xx_HAL_Driver/Src/stm32f4xx_hal_uart.o"
arm-none-eabi-gcc -mcpu=cortex-m4 -g3 -DUSE_HAL_DRIVER -DSTM32F401RE -c -x assembler-with-cpp -MMD -MP -MF"Core/Startup/startup_stm32f401retx.d" -MT"Core/Startup/startup_stm32f401retx.o" --specs=nano.specs -mfpu=fpv4-sp-d16 -mfloat-abi=softfp -mthumb -o "Core/Startup/startup_stm32f401retx.o" "../Core/Startup/startup_stm32f401retx.s"
arm-none-eabi-gcc "../Core/Src/adc.c" -mcpu=cortex-m4 -std=gnu11 -g3 -DSTM32F401xE -DUSE_HAL_DRIVER -c -I"/mnt/0854F03C54F02DD6/Project_STM32_EVA/firmware/Project_EVA/Middlewares/Third_Party/FreeRTOS/Source/include" -I"/mnt/0854F03C54F02DD6/Project_STM32_EVA/firmware/Project_EVA/Middlewares/Third_Party/FreeRTOS/Source/CMSIS_RTOS_V2" -I"/mnt/0854F03C54F02DD6/Project_STM32_EVA/firmware/Project_EVA/Drivers/STM32F4xx_HAL_Driver/Inc" -I"/mnt/0854F03C54F02DD6/Project_STM32_EVA/firmware/Project_EVA/Drivers/CMSIS/Include" -I"/mnt/0854F03C54F02DD6/Project_STM32_EVA/firmware/Project_EVA/Drivers/CMSIS/Device/ST/STM32F4xx/Include" -I"/mnt/0854F03C54F02DD6/Project_STM32_EVA/firmware/Project_EVA/Drivers/STM32F4xx_HAL_Driver/Inc/Legacy" -I"/mnt/0854F03C54F02DD6/Project_STM32_EVA/firmware/Project_EVA/Middlewares/Third_Party/FreeRTOS/Source/portable/GCC/ARM_CM4F" -I"/mnt/0854F03C54F02DD6/Project_STM32_EVA/firmware/Project_EVA/Middlewares/Third_Party/FreeRTOS/Source/portable/MemMang" -I"/mnt/0854F03C54F02DD6/Project_STM32_EVA/firmware/Project_EVA/Middlewares/Third_Party/FreeRTOS/Source/CMSIS_RTOS_V2" -I"/mnt/0854F03C54F02DD6/Project_STM32_EVA/firmware/Project_EVA/Core/Inc" -include"/mnt/0854F03C54F02DD6/Project_STM32_EVA/firmware/Project_EVA/Middlewares/Third_Party/FreeRTOS/Source/include/FreeRTOS.h" -O0 -ffunction-sections -fdata-sections -Wall -fstack-usage -fcyclomatic-complexity -MMD -MP -MF"Core/Src/adc.d" -MT"Core/Src/adc.o" --specs=nano.specs -mfpu=fpv4-sp-d16 -mfloat-abi=softfp -mthumb -o "Core/Src/adc.o"
arm-none-eabi-g++ "../Core/Src/freertos.cpp" -mcpu=cortex-m4 -std=gnu++14 -g3 -DSTM32F401xE -DUSE_HAL_DRIVER -c -I"/mnt/0854F03C54F02DD6/Project_STM32_EVA/firmware/Project_EVA/Middlewares/Third_Party/FreeRTOS/Source/include" -I"/mnt/0854F03C54F02DD6/Project_STM32_EVA/firmware/Project_EVA/Middlewares/Third_Party/FreeRTOS/Source/CMSIS_RTOS_V2" -I"/mnt/0854F03C54F02DD6/Project_STM32_EVA/firmware/Project_EVA/Drivers/CMSIS/Include" -I"/mnt/0854F03C54F02DD6/Project_STM32_EVA/firmware/Project_EVA/Drivers/CMSIS/Device/ST/STM32F4xx/Include" -I"/mnt/0854F03C54F02DD6/Project_STM32_EVA/firmware/Project_EVA/Drivers/STM32F4xx_HAL_Driver/Inc" -I"/mnt/0854F03C54F02DD6/Project_STM32_EVA/firmware/Project_EVA/Drivers/STM32F4xx_HAL_Driver/Inc/Legacy" -I"/mnt/0854F03C54F02DD6/Project_STM32_EVA/firmware/Project_EVA/Drivers/CMSIS/Include" -I"/mnt/0854F03C54F02DD6/Project_STM32_EVA/firmware/Project_EVA/Middlewares/Third_Party/FreeRTOS/Source/portable/GCC/ARM_CM4F" -I"/mnt/0854F03C54F02DD6/Project_STM32_EVA/firmware/Project_EVA/Middlewares/Third_Party/FreeRTOS/Source/portable/MemMang" -I"/mnt/0854F03C54F02DD6/Project_STM32_EVA/firmware/Project_EVA/Core/Inc" -O0 -ffunction-sections -fdata-sections -fno-exceptions -fno-rtti -fno-use-cxa-atexit -Wall -fstack-usage -fcyclomatic-complexity -MMD -MP -MF"Core/Src/freertos.d" -MT"Core/Src/freertos.o" --specs=nano.specs -mfpu=fpv4-sp-d16 -mfloat-abi=softfp -mthumb -o "Core/Src/freertos.o"
../Core/Src/freertos.cpp: In function 'void StartDefaultTask(void*)':
../Core/Src/freertos.cpp:117:13: warning: unused variable 'x' [-Wunused-variable]
  117 |         int x = 0;
      |             ^
arm-none-eabi-gcc "../Core/Src/gpio.c" -mcpu=cortex-m4 -std=gnu11 -g3 -DSTM32F401xE -DUSE_HAL_DRIVER -c -I"/mnt/0854F03C54F02DD6/Project_STM32_EVA/firmware/Project_EVA/Middlewares/Third_Party/FreeRTOS/Source/include" -I"/mnt/0854F03C54F02DD6/Project_STM32_EVA/firmware/Project_EVA/Middlewares/Third_Party/FreeRTOS/Source/CMSIS_RTOS_V2" -I"/mnt/0854F03C54F02DD6/Project_STM32_EVA/firmware/Project_EVA/Drivers/STM32F4xx_HAL_Driver/Inc" -I"/mnt/0854F03C54F02DD6/Project_STM32_EVA/firmware/Project_EVA/Drivers/CMSIS/Include" -I"/mnt/0854F03C54F02DD6/Project_STM32_EVA/firmware/Project_EVA/Drivers/CMSIS/Device/ST/STM32F4xx/Include" -I"/mnt/0854F03C54F02DD6/Project_STM32_EVA/firmware/Project_EVA/Drivers/STM32F4xx_HAL_Driver/Inc/Legacy" -I"/mnt/0854F03C54F02DD6/Project_STM32_EVA/firmware/Project_EVA/Middlewares/Third_Party/FreeRTOS/Source/portable/GCC/ARM_CM4F" -I"/mnt/0854F03C54F02DD6/Project_STM32_EVA/firmware/Project_EVA/Middlewares/Third_Party/FreeRTOS/Source/portable/MemMang" -I"/mnt/0854F03C54F02DD6/Project_STM32_EVA/firmware/Project_EVA/Middlewares/Third_Party/FreeRTOS/Source/CMSIS_RTOS_V2" -I"/mnt/0854F03C54F02DD6/Project_STM32_EVA/firmware/Project_EVA/Core/Inc" -include"/mnt/0854F03C54F02DD6/Project_STM32_EVA/firmware/Project_EVA/Middlewares/Third_Party/FreeRTOS/Source/include/FreeRTOS.h" -O0 -ffunction-sections -fdata-sections -Wall -fstack-usage -fcyclomatic-complexity -MMD -MP -MF"Core/Src/gpio.d" -MT"Core/Src/gpio.o" --specs=nano.specs -mfpu=fpv4-sp-d16 -mfloat-abi=softfp -mthumb -o "Core/Src/gpio.o"
arm-none-eabi-gcc "../Core/Src/i2c.c" -mcpu=cortex-m4 -std=gnu11 -g3 -DSTM32F401xE -DUSE_HAL_DRIVER -c -I"/mnt/0854F03C54F02DD6/Project_STM32_EVA/firmware/Project_EVA/Middlewares/Third_Party/FreeRTOS/Source/include" -I"/mnt/0854F03C54F02DD6/Project_STM32_EVA/firmware/Project_EVA/Middlewares/Third_Party/FreeRTOS/Source/CMSIS_RTOS_V2" -I"/mnt/0854F03C54F02DD6/Project_STM32_EVA/firmware/Project_EVA/Drivers/STM32F4xx_HAL_Driver/Inc" -I"/mnt/0854F03C54F02DD6/Project_STM32_EVA/firmware/Project_EVA/Drivers/CMSIS/Include" -I"/mnt/0854F03C54F02DD6/Project_STM32_EVA/firmware/Project_EVA/Drivers/CMSIS/Device/ST/STM32F4xx/Include" -I"/mnt/0854F03C54F02DD6/Project_STM32_EVA/firmware/Project_EVA/Drivers/STM32F4xx_HAL_Driver/Inc/Legacy" -I"/mnt/0854F03C54F02DD6/Project_STM32_EVA/firmware/Project_EVA/Middlewares/Third_Party/FreeRTOS/Source/portable/GCC/ARM_CM4F" -I"/mnt/0854F03C54F02DD6/Project_STM32_EVA/firmware/Project_EVA/Middlewares/Third_Party/FreeRTOS/Source/portable/MemMang" -I"/mnt/0854F03C54F02DD6/Project_STM32_EVA/firmware/Project_EVA/Middlewares/Third_Party/FreeRTOS/Source/CMSIS_RTOS_V2" -I"/mnt/0854F03C54F02DD6/Project_STM32_EVA/firmware/Project_EVA/Core/Inc" -include"/mnt/0854F03C54F02DD6/Project_STM32_EVA/firmware/Project_EVA/Middlewares/Third_Party/FreeRTOS/Source/include/FreeRTOS.h" -O0 -ffunction-sections -fdata-sections -Wall -fstack-usage -fcyclomatic-complexity -MMD -MP -MF"Core/Src/i2c.d" -MT"Core/Src/i2c.o" --specs=nano.specs -mfpu=fpv4-sp-d16 -mfloat-abi=softfp -mthumb -o "Core/Src/i2c.o"
arm-none-eabi-g++ "../Core/Src/main.cpp" -mcpu=cortex-m4 -std=gnu++14 -g3 -DSTM32F401xE -DUSE_HAL_DRIVER -c -I"/mnt/0854F03C54F02DD6/Project_STM32_EVA/firmware/Project_EVA/Middlewares/Third_Party/FreeRTOS/Source/include" -I"/mnt/0854F03C54F02DD6/Project_STM32_EVA/firmware/Project_EVA/Middlewares/Third_Party/FreeRTOS/Source/CMSIS_RTOS_V2" -I"/mnt/0854F03C54F02DD6/Project_STM32_EVA/firmware/Project_EVA/Drivers/CMSIS/Include" -I"/mnt/0854F03C54F02DD6/Project_STM32_EVA/firmware/Project_EVA/Drivers/CMSIS/Device/ST/STM32F4xx/Include" -I"/mnt/0854F03C54F02DD6/Project_STM32_EVA/firmware/Project_EVA/Drivers/STM32F4xx_HAL_Driver/Inc" -I"/mnt/0854F03C54F02DD6/Project_STM32_EVA/firmware/Project_EVA/Drivers/STM32F4xx_HAL_Driver/Inc/Legacy" -I"/mnt/0854F03C54F02DD6/Project_STM32_EVA/firmware/Project_EVA/Drivers/CMSIS/Include" -I"/mnt/0854F03C54F02DD6/Project_STM32_EVA/firmware/Project_EVA/Middlewares/Third_Party/FreeRTOS/Source/portable/GCC/ARM_CM4F" -I"/mnt/0854F03C54F02DD6/Project_STM32_EVA/firmware/Project_EVA/Middlewares/Third_Party/FreeRTOS/Source/portable/MemMang" -I"/mnt/0854F03C54F02DD6/Project_STM32_EVA/firmware/Project_EVA/Core/Inc" -O0 -ffunction-sections -fdata-sections -fno-exceptions -fno-rtti -fno-use-cxa-atexit -Wall -fstack-usage -fcyclomatic-complexity -MMD -MP -MF"Core/Src/main.d" -MT"Core/Src/main.o" --specs=nano.specs -mfpu=fpv4-sp-d16 -mfloat-abi=softfp -mthumb -o "Core/Src/main.o"
arm-none-eabi-gcc "../Core/Src/stm32f4xx_hal_msp.c" -mcpu=cortex-m4 -std=gnu11 -g3 -DSTM32F401xE -DUSE_HAL_DRIVER -c -I"/mnt/0854F03C54F02DD6/Project_STM32_EVA/firmware/Project_EVA/Middlewares/Third_Party/FreeRTOS/Source/include" -I"/mnt/0854F03C54F02DD6/Project_STM32_EVA/firmware/Project_EVA/Middlewares/Third_Party/FreeRTOS/Source/CMSIS_RTOS_V2" -I"/mnt/0854F03C54F02DD6/Project_STM32_EVA/firmware/Project_EVA/Drivers/STM32F4xx_HAL_Driver/Inc" -I"/mnt/0854F03C54F02DD6/Project_STM32_EVA/firmware/Project_EVA/Drivers/CMSIS/Include" -I"/mnt/0854F03C54F02DD6/Project_STM32_EVA/firmware/Project_EVA/Drivers/CMSIS/Device/ST/STM32F4xx/Include" -I"/mnt/0854F03C54F02DD6/Project_STM32_EVA/firmware/Project_EVA/Drivers/STM32F4xx_HAL_Driver/Inc/Legacy" -I"/mnt/0854F03C54F02DD6/Project_STM32_EVA/firmware/Project_EVA/Middlewares/Third_Party/FreeRTOS/Source/portable/GCC/ARM_CM4F" -I"/mnt/0854F03C54F02DD6/Project_STM32_EVA/firmware/Project_EVA/Middlewares/Third_Party/FreeRTOS/Source/portable/MemMang" -I"/mnt/0854F03C54F02DD6/Project_STM32_EVA/firmware/Project_EVA/Middlewares/Third_Party/FreeRTOS/Source/CMSIS_RTOS_V2" -I"/mnt/0854F03C54F02DD6/Project_STM32_EVA/firmware/Project_EVA/Core/Inc" -include"/mnt/0854F03C54F02DD6/Project_STM32_EVA/firmware/Project_EVA/Middlewares/Third_Party/FreeRTOS/Source/include/FreeRTOS.h" -O0 -ffunction-sections -fdata-sections -Wall -fstack-usage -fcyclomatic-complexity -MMD -MP -MF"Core/Src/stm32f4xx_hal_msp.d" -MT"Core/Src/stm32f4xx_hal_msp.o" --specs=nano.specs -mfpu=fpv4-sp-d16 -mfloat-abi=softfp -mthumb -o "Core/Src/stm32f4xx_hal_msp.o"
arm-none-eabi-gcc "../Core/Src/stm32f4xx_hal_timebase_tim.c" -mcpu=cortex-m4 -std=gnu11 -g3 -DSTM32F401xE -DUSE_HAL_DRIVER -c -I"/mnt/0854F03C54F02DD6/Project_STM32_EVA/firmware/Project_EVA/Middlewares/Third_Party/FreeRTOS/Source/include" -I"/mnt/0854F03C54F02DD6/Project_STM32_EVA/firmware/Project_EVA/Middlewares/Third_Party/FreeRTOS/Source/CMSIS_RTOS_V2" -I"/mnt/0854F03C54F02DD6/Project_STM32_EVA/firmware/Project_EVA/Drivers/STM32F4xx_HAL_Driver/Inc" -I"/mnt/0854F03C54F02DD6/Project_STM32_EVA/firmware/Project_EVA/Drivers/CMSIS/Include" -I"/mnt/0854F03C54F02DD6/Project_STM32_EVA/firmware/Project_EVA/Drivers/CMSIS/Device/ST/STM32F4xx/Include" -I"/mnt/0854F03C54F02DD6/Project_STM32_EVA/firmware/Project_EVA/Drivers/STM32F4xx_HAL_Driver/Inc/Legacy" -I"/mnt/0854F03C54F02DD6/Project_STM32_EVA/firmware/Project_EVA/Middlewares/Third_Party/FreeRTOS/Source/portable/GCC/ARM_CM4F" -I"/mnt/0854F03C54F02DD6/Project_STM32_EVA/firmware/Project_EVA/Middlewares/Third_Party/FreeRTOS/Source/portable/MemMang" -I"/mnt/0854F03C54F02DD6/Project_STM32_EVA/firmware/Project_EVA/Middlewares/Third_Party/FreeRTOS/Source/CMSIS_RTOS_V2" -I"/mnt/0854F03C54F02DD6/Project_STM32_EVA/firmware/Project_EVA/Core/Inc" -include"/mnt/0854F03C54F02DD6/Project_STM32_EVA/firmware/Project_EVA/Middlewares/Third_Party/FreeRTOS/Source/include/FreeRTOS.h" -O0 -ffunction-sections -fdata-sections -Wall -fstack-usage -fcyclomatic-complexity -MMD -MP -MF"Core/Src/stm32f4xx_hal_timebase_tim.d" -MT"Core/Src/stm32f4xx_hal_timebase_tim.o" --specs=nano.specs -mfpu=fpv4-sp-d16 -mfloat-abi=softfp -mthumb -o "Core/Src/stm32f4xx_hal_timebase_tim.o"
arm-none-eabi-gcc "../Core/Src/stm32f4xx_it.c" -mcpu=cortex-m4 -std=gnu11 -g3 -DSTM32F401xE -DUSE_HAL_DRIVER -c -I"/mnt/0854F03C54F02DD6/Project_STM32_EVA/firmware/Project_EVA/Middlewares/Third_Party/FreeRTOS/Source/include" -I"/mnt/0854F03C54F02DD6/Project_STM32_EVA/firmware/Project_EVA/Middlewares/Third_Party/FreeRTOS/Source/CMSIS_RTOS_V2" -I"/mnt/0854F03C54F02DD6/Project_STM32_EVA/firmware/Project_EVA/Drivers/STM32F4xx_HAL_Driver/Inc" -I"/mnt/0854F03C54F02DD6/Project_STM32_EVA/firmware/Project_EVA/Drivers/CMSIS/Include" -I"/mnt/0854F03C54F02DD6/Project_STM32_EVA/firmware/Project_EVA/Drivers/CMSIS/Device/ST/STM32F4xx/Include" -I"/mnt/0854F03C54F02DD6/Project_STM32_EVA/firmware/Project_EVA/Drivers/STM32F4xx_HAL_Driver/Inc/Legacy" -I"/mnt/0854F03C54F02DD6/Project_STM32_EVA/firmware/Project_EVA/Middlewares/Third_Party/FreeRTOS/Source/portable/GCC/ARM_CM4F" -I"/mnt/0854F03C54F02DD6/Project_STM32_EVA/firmware/Project_EVA/Middlewares/Third_Party/FreeRTOS/Source/portable/MemMang" -I"/mnt/0854F03C54F02DD6/Project_STM32_EVA/firmware/Project_EVA/Middlewares/Third_Party/FreeRTOS/Source/CMSIS_RTOS_V2" -I"/mnt/0854F03C54F02DD6/Project_STM32_EVA/firmware/Project_EVA/Core/Inc" -include"/mnt/0854F03C54F02DD6/Project_STM32_EVA/firmware/Project_EVA/Middlewares/Third_Party/FreeRTOS/Source/include/FreeRTOS.h" -O0 -ffunction-sections -fdata-sections -Wall -fstack-usage -fcyclomatic-complexity -MMD -MP -MF"Core/Src/stm32f4xx_it.d" -MT"Core/Src/stm32f4xx_it.o" --specs=nano.specs -mfpu=fpv4-sp-d16 -mfloat-abi=softfp -mthumb -o "Core/Src/stm32f4xx_it.o"
arm-none-eabi-gcc "../Core/Src/syscalls.c" -mcpu=cortex-m4 -std=gnu11 -g3 -DSTM32F401xE -DUSE_HAL_DRIVER -c -I"/mnt/0854F03C54F02DD6/Project_STM32_EVA/firmware/Project_EVA/Middlewares/Third_Party/FreeRTOS/Source/include" -I"/mnt/0854F03C54F02DD6/Project_STM32_EVA/firmware/Project_EVA/Middlewares/Third_Party/FreeRTOS/Source/CMSIS_RTOS_V2" -I"/mnt/0854F03C54F02DD6/Project_STM32_EVA/firmware/Project_EVA/Drivers/STM32F4xx_HAL_Driver/Inc" -I"/mnt/0854F03C54F02DD6/Project_STM32_EVA/firmware/Project_EVA/Drivers/CMSIS/Include" -I"/mnt/0854F03C54F02DD6/Project_STM32_EVA/firmware/Project_EVA/Drivers/CMSIS/Device/ST/STM32F4xx/Include" -I"/mnt/0854F03C54F02DD6/Project_STM32_EVA/firmware/Project_EVA/Drivers/STM32F4xx_HAL_Driver/Inc/Legacy" -I"/mnt/0854F03C54F02DD6/Project_STM32_EVA/firmware/Project_EVA/Middlewares/Third_Party/FreeRTOS/Source/portable/GCC/ARM_CM4F" -I"/mnt/0854F03C54F02DD6/Project_STM32_EVA/firmware/Project_EVA/Middlewares/Third_Party/FreeRTOS/Source/portable/MemMang" -I"/mnt/0854F03C54F02DD6/Project_STM32_EVA/firmware/Project_EVA/Middlewares/Third_Party/FreeRTOS/Source/CMSIS_RTOS_V2" -I"/mnt/0854F03C54F02DD6/Project_STM32_EVA/firmware/Project_EVA/Core/Inc" -include"/mnt/0854F03C54F02DD6/Project_STM32_EVA/firmware/Project_EVA/Middlewares/Third_Party/FreeRTOS/Source/include/FreeRTOS.h" -O0 -ffunction-sections -fdata-sections -Wall -fstack-usage -fcyclomatic-complexity -MMD -MP -MF"Core/Src/syscalls.d" -MT"Core/Src/syscalls.o" --specs=nano.specs -mfpu=fpv4-sp-d16 -mfloat-abi=softfp -mthumb -o "Core/Src/syscalls.o"
arm-none-eabi-gcc "../Core/Src/sysmem.c" -mcpu=cortex-m4 -std=gnu11 -g3 -DSTM32F401xE -DUSE_HAL_DRIVER -c -I"/mnt/0854F03C54F02DD6/Project_STM32_EVA/firmware/Project_EVA/Middlewares/Third_Party/FreeRTOS/Source/include" -I"/mnt/0854F03C54F02DD6/Project_STM32_EVA/firmware/Project_EVA/Middlewares/Third_Party/FreeRTOS/Source/CMSIS_RTOS_V2" -I"/mnt/0854F03C54F02DD6/Project_STM32_EVA/firmware/Project_EVA/Drivers/STM32F4xx_HAL_Driver/Inc" -I"/mnt/0854F03C54F02DD6/Project_STM32_EVA/firmware/Project_EVA/Drivers/CMSIS/Include" -I"/mnt/0854F03C54F02DD6/Project_STM32_EVA/firmware/Project_EVA/Drivers/CMSIS/Device/ST/STM32F4xx/Include" -I"/mnt/0854F03C54F02DD6/Project_STM32_EVA/firmware/Project_EVA/Drivers/STM32F4xx_HAL_Driver/Inc/Legacy" -I"/mnt/0854F03C54F02DD6/Project_STM32_EVA/firmware/Project_EVA/Middlewares/Third_Party/FreeRTOS/Source/portable/GCC/ARM_CM4F" -I"/mnt/0854F03C54F02DD6/Project_STM32_EVA/firmware/Project_EVA/Middlewares/Third_Party/FreeRTOS/Source/portable/MemMang" -I"/mnt/0854F03C54F02DD6/Project_STM32_EVA/firmware/Project_EVA/Middlewares/Third_Party/FreeRTOS/Source/CMSIS_RTOS_V2" -I"/mnt/0854F03C54F02DD6/Project_STM32_EVA/firmware/Project_EVA/Core/Inc" -include"/mnt/0854F03C54F02DD6/Project_STM32_EVA/firmware/Project_EVA/Middlewares/Third_Party/FreeRTOS/Source/include/FreeRTOS.h" -O0 -ffunction-sections -fdata-sections -Wall -fstack-usage -fcyclomatic-complexity -MMD -MP -MF"Core/Src/sysmem.d" -MT"Core/Src/sysmem.o" --specs=nano.specs -mfpu=fpv4-sp-d16 -mfloat-abi=softfp -mthumb -o "Core/Src/sysmem.o"
arm-none-eabi-gcc "../Core/Src/system_stm32f4xx.c" -mcpu=cortex-m4 -std=gnu11 -g3 -DSTM32F401xE -DUSE_HAL_DRIVER -c -I"/mnt/0854F03C54F02DD6/Project_STM32_EVA/firmware/Project_EVA/Middlewares/Third_Party/FreeRTOS/Source/include" -I"/mnt/0854F03C54F02DD6/Project_STM32_EVA/firmware/Project_EVA/Middlewares/Third_Party/FreeRTOS/Source/CMSIS_RTOS_V2" -I"/mnt/0854F03C54F02DD6/Project_STM32_EVA/firmware/Project_EVA/Drivers/STM32F4xx_HAL_Driver/Inc" -I"/mnt/0854F03C54F02DD6/Project_STM32_EVA/firmware/Project_EVA/Drivers/CMSIS/Include" -I"/mnt/0854F03C54F02DD6/Project_STM32_EVA/firmware/Project_EVA/Drivers/CMSIS/Device/ST/STM32F4xx/Include" -I"/mnt/0854F03C54F02DD6/Project_STM32_EVA/firmware/Project_EVA/Drivers/STM32F4xx_HAL_Driver/Inc/Legacy" -I"/mnt/0854F03C54F02DD6/Project_STM32_EVA/firmware/Project_EVA/Middlewares/Third_Party/FreeRTOS/Source/portable/GCC/ARM_CM4F" -I"/mnt/0854F03C54F02DD6/Project_STM32_EVA/firmware/Project_EVA/Middlewares/Third_Party/FreeRTOS/Source/portable/MemMang" -I"/mnt/0854F03C54F02DD6/Project_STM32_EVA/firmware/Project_EVA/Middlewares/Third_Party/FreeRTOS/Source/CMSIS_RTOS_V2" -I"/mnt/0854F03C54F02DD6/Project_STM32_EVA/firmware/Project_EVA/Core/Inc" -include"/mnt/0854F03C54F02DD6/Project_STM32_EVA/firmware/Project_EVA/Middlewares/Third_Party/FreeRTOS/Source/include/FreeRTOS.h" -O0 -ffunction-sections -fdata-sections -Wall -fstack-usage -fcyclomatic-complexity -MMD -MP -MF"Core/Src/system_stm32f4xx.d" -MT"Core/Src/system_stm32f4xx.o" --specs=nano.specs -mfpu=fpv4-sp-d16 -mfloat-abi=softfp -mthumb -o "Core/Src/system_stm32f4xx.o"
arm-none-eabi-gcc "../Core/Src/tim.c" -mcpu=cortex-m4 -std=gnu11 -g3 -DSTM32F401xE -DUSE_HAL_DRIVER -c -I"/mnt/0854F03C54F02DD6/Project_STM32_EVA/firmware/Project_EVA/Middlewares/Third_Party/FreeRTOS/Source/include" -I"/mnt/0854F03C54F02DD6/Project_STM32_EVA/firmware/Project_EVA/Middlewares/Third_Party/FreeRTOS/Source/CMSIS_RTOS_V2" -I"/mnt/0854F03C54F02DD6/Project_STM32_EVA/firmware/Project_EVA/Drivers/STM32F4xx_HAL_Driver/Inc" -I"/mnt/0854F03C54F02DD6/Project_STM32_EVA/firmware/Project_EVA/Drivers/CMSIS/Include" -I"/mnt/0854F03C54F02DD6/Project_STM32_EVA/firmware/Project_EVA/Drivers/CMSIS/Device/ST/STM32F4xx/Include" -I"/mnt/0854F03C54F02DD6/Project_STM32_EVA/firmware/Project_EVA/Drivers/STM32F4xx_HAL_Driver/Inc/Legacy" -I"/mnt/0854F03C54F02DD6/Project_STM32_EVA/firmware/Project_EVA/Middlewares/Third_Party/FreeRTOS/Source/portable/GCC/ARM_CM4F" -I"/mnt/0854F03C54F02DD6/Project_STM32_EVA/firmware/Project_EVA/Middlewares/Third_Party/FreeRTOS/Source/portable/MemMang" -I"/mnt/0854F03C54F02DD6/Project_STM32_EVA/firmware/Project_EVA/Middlewares/Third_Party/FreeRTOS/Source/CMSIS_RTOS_V2" -I"/mnt/0854F03C54F02DD6/Project_STM32_EVA/firmware/Project_EVA/Core/Inc" -include"/mnt/0854F03C54F02DD6/Project_STM32_EVA/firmware/Project_EVA/Middlewares/Third_Party/FreeRTOS/Source/include/FreeRTOS.h" -O0 -ffunction-sections -fdata-sections -Wall -fstack-usage -fcyclomatic-complexity -MMD -MP -MF"Core/Src/tim.d" -MT"Core/Src/tim.o" --specs=nano.specs -mfpu=fpv4-sp-d16 -mfloat-abi=softfp -mthumb -o "Core/Src/tim.o"
arm-none-eabi-gcc "../Core/Src/usart.c" -mcpu=cortex-m4 -std=gnu11 -g3 -DSTM32F401xE -DUSE_HAL_DRIVER -c -I"/mnt/0854F03C54F02DD6/Project_STM32_EVA/firmware/Project_EVA/Middlewares/Third_Party/FreeRTOS/Source/include" -I"/mnt/0854F03C54F02DD6/Project_STM32_EVA/firmware/Project_EVA/Middlewares/Third_Party/FreeRTOS/Source/CMSIS_RTOS_V2" -I"/mnt/0854F03C54F02DD6/Project_STM32_EVA/firmware/Project_EVA/Drivers/STM32F4xx_HAL_Driver/Inc" -I"/mnt/0854F03C54F02DD6/Project_STM32_EVA/firmware/Project_EVA/Drivers/CMSIS/Include" -I"/mnt/0854F03C54F02DD6/Project_STM32_EVA/firmware/Project_EVA/Drivers/CMSIS/Device/ST/STM32F4xx/Include" -I"/mnt/0854F03C54F02DD6/Project_STM32_EVA/firmware/Project_EVA/Drivers/STM32F4xx_HAL_Driver/Inc/Legacy" -I"/mnt/0854F03C54F02DD6/Project_STM32_EVA/firmware/Project_EVA/Middlewares/Third_Party/FreeRTOS/Source/portable/GCC/ARM_CM4F" -I"/mnt/0854F03C54F02DD6/Project_STM32_EVA/firmware/Project_EVA/Middlewares/Third_Party/FreeRTOS/Source/portable/MemMang" -I"/mnt/0854F03C54F02DD6/Project_STM32_EVA/firmware/Project_EVA/Middlewares/Third_Party/FreeRTOS/Source/CMSIS_RTOS_V2" -I"/mnt/0854F03C54F02DD6/Project_STM32_EVA/firmware/Project_EVA/Core/Inc" -include"/mnt/0854F03C54F02DD6/Project_STM32_EVA/firmware/Project_EVA/Middlewares/Third_Party/FreeRTOS/Source/include/FreeRTOS.h" -O0 -ffunction-sections -fdata-sections -Wall -fstack-usage -fcyclomatic-complexity -MMD -MP -MF"Core/Src/usart.d" -MT"Core/Src/usart.o" --specs=nano.specs -mfpu=fpv4-sp-d16 -mfloat-abi=softfp -mthumb -o "Core/Src/usart.o"
arm-none-eabi-g++ -o "Project_EVA.elf" @"objects.list"   -mcpu=cortex-m4 -T"/mnt/0854F03C54F02DD6/Project_STM32_EVA/firmware/Project_EVA/STM32F401RETX_FLASH.ld" --specs=nosys.specs -Wl,-Map="Project_EVA.map" -Wl,--gc-sections -static --specs=nano.specs -mfpu=fpv4-sp-d16 -mfloat-abi=softfp -mthumb -Wl,--start-group -lc -lm -lstdc++ -lsupc++ -Wl,--end-group
Finished building target: Project_EVA.elf
 
arm-none-eabi-size  Project_EVA.elf 
   text	   data	    bss	    dec	    hex	filename
  25828	     96	  21184	  47108	   b804	Project_EVA.elf
Finished building: default.size.stdout
 
arm-none-eabi-objdump -h -S Project_EVA.elf  > "Project_EVA.list"
Finished building: Project_EVA.list
 
