11:34:00 **** Incremental Build of configuration Debug for project Project_EVA ****
make all 
arm-none-eabi-g++ "../Core/Src/freertos.cpp" -mcpu=cortex-m4 -std=gnu++17 -g3 -DSTM32F401xE -DUSE_HAL_DRIVER -c -I"/mnt/0854F03C54F02DD6/Project_STM32_EVA/firmware/Project_EVA/Middlewares/Third_Party/FreeRTOS/Source/include" -I"/mnt/0854F03C54F02DD6/Project_STM32_EVA/firmware/Project_EVA/App/display/Inc" -I"/mnt/0854F03C54F02DD6/Project_STM32_EVA/firmware/Project_EVA/App/display" -I"/mnt/0854F03C54F02DD6/Project_STM32_EVA/firmware/Project_EVA/App/safety" -I"/mnt/0854F03C54F02DD6/Project_STM32_EVA/firmware/Project_EVA/App/sensors" -I"/mnt/0854F03C54F02DD6/Project_STM32_EVA/firmware/Project_EVA/App/system" -I"/mnt/0854F03C54F02DD6/Project_STM32_EVA/firmware/Project_EVA/Middlewares/Third_Party/FreeRTOS/Source/CMSIS_RTOS_V2" -I"/mnt/0854F03C54F02DD6/Project_STM32_EVA/firmware/Project_EVA/Drivers/CMSIS/Include" -I"/mnt/0854F03C54F02DD6/Project_STM32_EVA/firmware/Project_EVA/Drivers/CMSIS/Device/ST/STM32F4xx/Include" -I"/mnt/0854F03C54F02DD6/Project_STM32_EVA/firmware/Project_EVA/Drivers/STM32F4xx_HAL_Driver/Inc" -I"/mnt/0854F03C54F02DD6/Project_STM32_EVA/firmware/Project_EVA/Drivers/STM32F4xx_HAL_Driver/Inc/Legacy" -I"/mnt/0854F03C54F02DD6/Project_STM32_EVA/firmware/Project_EVA/Drivers/CMSIS/Include" -I"/mnt/0854F03C54F02DD6/Project_STM32_EVA/firmware/Project_EVA/Middlewares/Third_Party/FreeRTOS/Source/portable/GCC/ARM_CM4F" -I"/mnt/0854F03C54F02DD6/Project_STM32_EVA/firmware/Project_EVA/Middlewares/Third_Party/FreeRTOS/Source/portable/MemMang" -I"/mnt/0854F03C54F02DD6/Project_STM32_EVA/firmware/Project_EVA/Core/Inc" -O0 -ffunction-sections -fdata-sections -fno-exceptions -fno-rtti -fno-use-cxa-atexit -Wall -fno-exceptions -fno-rtti -fstack-usage -fcyclomatic-complexity -MMD -MP -MF"Core/Src/freertos.d" -MT"Core/Src/freertos.o" --specs=nano.specs -mfpu=fpv4-sp-d16 -mfloat-abi=softfp -mthumb -o "Core/Src/freertos.o"
arm-none-eabi-g++ -o "Project_EVA.elf" @"objects.list"   -mcpu=cortex-m4 -T"/mnt/0854F03C54F02DD6/Project_STM32_EVA/firmware/Project_EVA/STM32F401RETX_FLASH.ld" --specs=nosys.specs -Wl,-Map="Project_EVA.map" -Wl,--gc-sections -static --specs=nano.specs -mfpu=fpv4-sp-d16 -mfloat-abi=softfp -mthumb -Wl,--start-group -lc -lm -lstdc++ -lsupc++ -Wl,--end-group
Finished building target: Project_EVA.elf
 
arm-none-eabi-size  Project_EVA.elf 
   text	   data	    bss	    dec	    hex	filename
  30488	     96	  22224	  52808	   ce48	Project_EVA.elf
Finished building: default.size.stdout
 
arm-none-eabi-objdump -h -S Project_EVA.elf  > "Project_EVA.list"
Finished building: Project_EVA.list
 

11:34:01 Build Finished. 0 errors, 0 warnings. (took 1s.13ms)

